Archive member included to satisfy reference by file (symbol)

d:/nrf51822/gcc-arm/bin/../lib/gcc/arm-none-eabi/5.4.1/../../../../arm-none-eabi/lib/armv6-m\libc_nano.a(lib_a-exit.o)
                              d:/nrf51822/gcc-arm/bin/../lib/gcc/arm-none-eabi/5.4.1/../../../../arm-none-eabi/lib/armv6-m/crt0.o (exit)
d:/nrf51822/gcc-arm/bin/../lib/gcc/arm-none-eabi/5.4.1/../../../../arm-none-eabi/lib/armv6-m\libc_nano.a(lib_a-impure.o)
                              d:/nrf51822/gcc-arm/bin/../lib/gcc/arm-none-eabi/5.4.1/../../../../arm-none-eabi/lib/armv6-m\libc_nano.a(lib_a-exit.o) (_global_impure_ptr)
d:/nrf51822/gcc-arm/bin/../lib/gcc/arm-none-eabi/5.4.1/../../../../arm-none-eabi/lib/armv6-m\libc_nano.a(lib_a-init.o)
                              d:/nrf51822/gcc-arm/bin/../lib/gcc/arm-none-eabi/5.4.1/../../../../arm-none-eabi/lib/armv6-m/crt0.o (__libc_init_array)
d:/nrf51822/gcc-arm/bin/../lib/gcc/arm-none-eabi/5.4.1/../../../../arm-none-eabi/lib/armv6-m\libc_nano.a(lib_a-memset.o)
                              d:/nrf51822/gcc-arm/bin/../lib/gcc/arm-none-eabi/5.4.1/../../../../arm-none-eabi/lib/armv6-m/crt0.o (memset)
d:/nrf51822/gcc-arm/bin/../lib/gcc/arm-none-eabi/5.4.1/../../../../arm-none-eabi/lib/armv6-m\libnosys.a(_exit.o)
                              d:/nrf51822/gcc-arm/bin/../lib/gcc/arm-none-eabi/5.4.1/../../../../arm-none-eabi/lib/armv6-m\libc_nano.a(lib_a-exit.o) (_exit)
d:/nrf51822/gcc-arm/bin/../lib/gcc/arm-none-eabi/5.4.1/armv6-m\libgcc.a(_udivsi3.o)
                              _build/bsp.o (__aeabi_uidiv)
d:/nrf51822/gcc-arm/bin/../lib/gcc/arm-none-eabi/5.4.1/armv6-m\libgcc.a(_dvmd_tls.o)
                              d:/nrf51822/gcc-arm/bin/../lib/gcc/arm-none-eabi/5.4.1/armv6-m\libgcc.a(_udivsi3.o) (__aeabi_idiv0)
d:/nrf51822/gcc-arm/bin/../lib/gcc/arm-none-eabi/5.4.1/../../../../arm-none-eabi/lib/armv6-m\libc_nano.a(lib_a-memcpy-stub.o)
                              _build/ble_advdata.o (memcpy)
d:/nrf51822/gcc-arm/bin/../lib/gcc/arm-none-eabi/5.4.1/../../../../arm-none-eabi/lib/armv6-m\libc_nano.a(lib_a-strlen.o)
                              _build/main.o (strlen)

Discarded input sections

 .text          0x00000000        0x0 d:/nrf51822/gcc-arm/bin/../lib/gcc/arm-none-eabi/5.4.1/armv6-m/crti.o
 .data          0x00000000        0x0 d:/nrf51822/gcc-arm/bin/../lib/gcc/arm-none-eabi/5.4.1/armv6-m/crti.o
 .bss           0x00000000        0x0 d:/nrf51822/gcc-arm/bin/../lib/gcc/arm-none-eabi/5.4.1/armv6-m/crti.o
 .data          0x00000000        0x4 d:/nrf51822/gcc-arm/bin/../lib/gcc/arm-none-eabi/5.4.1/armv6-m/crtbegin.o
 .data          0x00000000        0x0 d:/nrf51822/gcc-arm/bin/../lib/gcc/arm-none-eabi/5.4.1/../../../../arm-none-eabi/lib/armv6-m/crt0.o
 .bss           0x00000000        0x0 d:/nrf51822/gcc-arm/bin/../lib/gcc/arm-none-eabi/5.4.1/../../../../arm-none-eabi/lib/armv6-m/crt0.o
 .ARM.extab     0x00000000        0x0 d:/nrf51822/gcc-arm/bin/../lib/gcc/arm-none-eabi/5.4.1/../../../../arm-none-eabi/lib/armv6-m/crt0.o
 .text          0x00000000        0x0 d:/nrf51822/gcc-arm/bin/../lib/gcc/arm-none-eabi/5.4.1/../../../../arm-none-eabi/lib/armv6-m\libc_nano.a(lib_a-exit.o)
 .data          0x00000000        0x0 d:/nrf51822/gcc-arm/bin/../lib/gcc/arm-none-eabi/5.4.1/../../../../arm-none-eabi/lib/armv6-m\libc_nano.a(lib_a-exit.o)
 .bss           0x00000000        0x0 d:/nrf51822/gcc-arm/bin/../lib/gcc/arm-none-eabi/5.4.1/../../../../arm-none-eabi/lib/armv6-m\libc_nano.a(lib_a-exit.o)
 .text          0x00000000        0x0 d:/nrf51822/gcc-arm/bin/../lib/gcc/arm-none-eabi/5.4.1/../../../../arm-none-eabi/lib/armv6-m\libc_nano.a(lib_a-impure.o)
 .data          0x00000000        0x0 d:/nrf51822/gcc-arm/bin/../lib/gcc/arm-none-eabi/5.4.1/../../../../arm-none-eabi/lib/armv6-m\libc_nano.a(lib_a-impure.o)
 .bss           0x00000000        0x0 d:/nrf51822/gcc-arm/bin/../lib/gcc/arm-none-eabi/5.4.1/../../../../arm-none-eabi/lib/armv6-m\libc_nano.a(lib_a-impure.o)
 .data._impure_ptr
                0x00000000        0x4 d:/nrf51822/gcc-arm/bin/../lib/gcc/arm-none-eabi/5.4.1/../../../../arm-none-eabi/lib/armv6-m\libc_nano.a(lib_a-impure.o)
 .text          0x00000000        0x0 d:/nrf51822/gcc-arm/bin/../lib/gcc/arm-none-eabi/5.4.1/../../../../arm-none-eabi/lib/armv6-m\libc_nano.a(lib_a-init.o)
 .data          0x00000000        0x0 d:/nrf51822/gcc-arm/bin/../lib/gcc/arm-none-eabi/5.4.1/../../../../arm-none-eabi/lib/armv6-m\libc_nano.a(lib_a-init.o)
 .bss           0x00000000        0x0 d:/nrf51822/gcc-arm/bin/../lib/gcc/arm-none-eabi/5.4.1/../../../../arm-none-eabi/lib/armv6-m\libc_nano.a(lib_a-init.o)
 .text          0x00000000        0x0 d:/nrf51822/gcc-arm/bin/../lib/gcc/arm-none-eabi/5.4.1/../../../../arm-none-eabi/lib/armv6-m\libc_nano.a(lib_a-memset.o)
 .data          0x00000000        0x0 d:/nrf51822/gcc-arm/bin/../lib/gcc/arm-none-eabi/5.4.1/../../../../arm-none-eabi/lib/armv6-m\libc_nano.a(lib_a-memset.o)
 .bss           0x00000000        0x0 d:/nrf51822/gcc-arm/bin/../lib/gcc/arm-none-eabi/5.4.1/../../../../arm-none-eabi/lib/armv6-m\libc_nano.a(lib_a-memset.o)
 .text          0x00000000        0x0 d:/nrf51822/gcc-arm/bin/../lib/gcc/arm-none-eabi/5.4.1/../../../../arm-none-eabi/lib/armv6-m\libnosys.a(_exit.o)
 .data          0x00000000        0x0 d:/nrf51822/gcc-arm/bin/../lib/gcc/arm-none-eabi/5.4.1/../../../../arm-none-eabi/lib/armv6-m\libnosys.a(_exit.o)
 .bss           0x00000000        0x0 d:/nrf51822/gcc-arm/bin/../lib/gcc/arm-none-eabi/5.4.1/../../../../arm-none-eabi/lib/armv6-m\libnosys.a(_exit.o)
 .text          0x00000000        0x0 _build/app_button.o
 .data          0x00000000        0x0 _build/app_button.o
 .bss           0x00000000        0x0 _build/app_button.o
 .text.app_button_disable
                0x00000000       0x34 _build/app_button.o
 .text.app_button_is_pushed
                0x00000000       0x2c _build/app_button.o
 .text          0x00000000        0x0 _build/app_error.o
 .data          0x00000000        0x0 _build/app_error.o
 .bss           0x00000000        0x0 _build/app_error.o
 .text          0x00000000        0x0 _build/app_fifo.o
 .data          0x00000000        0x0 _build/app_fifo.o
 .bss           0x00000000        0x0 _build/app_fifo.o
 .text.app_fifo_init
                0x00000000       0x28 _build/app_fifo.o
 .text.app_fifo_put
                0x00000000       0x28 _build/app_fifo.o
 .text.app_fifo_get
                0x00000000       0x28 _build/app_fifo.o
 .text.app_fifo_flush
                0x00000000        0x8 _build/app_fifo.o
 .text.app_fifo_read
                0x00000000       0x50 _build/app_fifo.o
 .text.app_fifo_write
                0x00000000       0x54 _build/app_fifo.o
 .comment       0x00000000       0x6f _build/app_fifo.o
 .ARM.attributes
                0x00000000       0x31 _build/app_fifo.o
 .text          0x00000000        0x0 _build/app_timer.o
 .data          0x00000000        0x0 _build/app_timer.o
 .bss           0x00000000        0x0 _build/app_timer.o
 .text.app_timer_stop_all
                0x00000000       0xb8 _build/app_timer.o
 .text.app_timer_cnt_get
                0x00000000       0x14 _build/app_timer.o
 .text.app_timer_cnt_diff_compute
                0x00000000        0xc _build/app_timer.o
 .text          0x00000000        0x0 _build/nrf_assert.o
 .data          0x00000000        0x0 _build/nrf_assert.o
 .bss           0x00000000        0x0 _build/nrf_assert.o
 .comment       0x00000000       0x6f _build/nrf_assert.o
 .ARM.attributes
                0x00000000       0x31 _build/nrf_assert.o
 .text          0x00000000        0x0 _build/app_uart_fifo.o
 .data          0x00000000        0x0 _build/app_uart_fifo.o
 .bss           0x00000000        0x0 _build/app_uart_fifo.o
 .text.uart_event_handler
                0x00000000       0xc0 _build/app_uart_fifo.o
 .text.app_uart_init
                0x00000000       0xa4 _build/app_uart_fifo.o
 .text.app_uart_flush
                0x00000000       0x1c _build/app_uart_fifo.o
 .text.app_uart_get
                0x00000000       0x34 _build/app_uart_fifo.o
 .text.app_uart_put
                0x00000000       0x28 _build/app_uart_fifo.o
 .text.app_uart_close
                0x00000000        0xc _build/app_uart_fifo.o
 .rodata        0x00000000       0x20 _build/app_uart_fifo.o
 .bss.tx_buffer
                0x00000000        0x1 _build/app_uart_fifo.o
 .bss.m_event_handler
                0x00000000        0x4 _build/app_uart_fifo.o
 .bss.rx_buffer
                0x00000000        0x1 _build/app_uart_fifo.o
 .bss.m_tx_fifo
                0x00000000       0x10 _build/app_uart_fifo.o
 .bss.m_rx_fifo
                0x00000000       0x10 _build/app_uart_fifo.o
 .bss.tx_tmp    0x00000000        0x1 _build/app_uart_fifo.o
 .comment       0x00000000       0x6f _build/app_uart_fifo.o
 .ARM.attributes
                0x00000000       0x31 _build/app_uart_fifo.o
 .text          0x00000000        0x0 _build/nrf_delay.o
 .data          0x00000000        0x0 _build/nrf_delay.o
 .bss           0x00000000        0x0 _build/nrf_delay.o
 .text.nrf_delay_ms
                0x00000000       0x3c _build/nrf_delay.o
 .comment       0x00000000       0x6f _build/nrf_delay.o
 .ARM.attributes
                0x00000000       0x31 _build/nrf_delay.o
 .text          0x00000000        0x0 _build/nrf_drv_common.o
 .data          0x00000000        0x0 _build/nrf_drv_common.o
 .bss           0x00000000        0x0 _build/nrf_drv_common.o
 .text          0x00000000        0x0 _build/nrf_drv_gpiote.o
 .data          0x00000000        0x0 _build/nrf_drv_gpiote.o
 .bss           0x00000000        0x0 _build/nrf_drv_gpiote.o
 .text.nrf_drv_gpiote_uninit
                0x00000000       0xf0 _build/nrf_drv_gpiote.o
 .text.nrf_drv_gpiote_out_init
                0x00000000       0xdc _build/nrf_drv_gpiote.o
 .text.nrf_drv_gpiote_out_uninit
                0x00000000       0x48 _build/nrf_drv_gpiote.o
 .text.nrf_drv_gpiote_out_set
                0x00000000       0x10 _build/nrf_drv_gpiote.o
 .text.nrf_drv_gpiote_out_clear
                0x00000000       0x14 _build/nrf_drv_gpiote.o
 .text.nrf_drv_gpiote_out_toggle
                0x00000000       0x2c _build/nrf_drv_gpiote.o
 .text.nrf_drv_gpiote_out_task_enable
                0x00000000       0x38 _build/nrf_drv_gpiote.o
 .text.nrf_drv_gpiote_out_task_disable
                0x00000000       0x28 _build/nrf_drv_gpiote.o
 .text.nrf_drv_gpiote_out_task_addr_get
                0x00000000       0x20 _build/nrf_drv_gpiote.o
 .text.nrf_drv_gpiote_out_task_force
                0x00000000       0x38 _build/nrf_drv_gpiote.o
 .text.nrf_drv_gpiote_out_task_trigger
                0x00000000       0x20 _build/nrf_drv_gpiote.o
 .text.nrf_drv_gpiote_in_event_disable
                0x00000000       0x60 _build/nrf_drv_gpiote.o
 .text.nrf_drv_gpiote_in_uninit
                0x00000000       0xa8 _build/nrf_drv_gpiote.o
 .text.nrf_drv_gpiote_in_event_addr_get
                0x00000000       0x20 _build/nrf_drv_gpiote.o
 .text          0x00000000        0x0 _build/nrf_drv_uart.o
 .data          0x00000000        0x0 _build/nrf_drv_uart.o
 .bss           0x00000000        0x0 _build/nrf_drv_uart.o
 .text.nrf_drv_uart_init
                0x00000000      0x110 _build/nrf_drv_uart.o
 .text.nrf_drv_uart_uninit
                0x00000000       0xbc _build/nrf_drv_uart.o
 .text.nrf_drv_uart_tx
                0x00000000       0xb4 _build/nrf_drv_uart.o
 .text.nrf_drv_uart_rx
                0x00000000       0xf0 _build/nrf_drv_uart.o
 .text.nrf_drv_uart_rx_enable
                0x00000000       0x2c _build/nrf_drv_uart.o
 .text.nrf_drv_uart_rx_disable
                0x00000000       0x18 _build/nrf_drv_uart.o
 .text.nrf_drv_uart_errorsrc_get
                0x00000000       0x1c _build/nrf_drv_uart.o
 .text.nrf_drv_uart_tx_abort
                0x00000000       0x3c _build/nrf_drv_uart.o
 .text.nrf_drv_uart_rx_abort
                0x00000000       0x1c _build/nrf_drv_uart.o
 .rodata.m_default_config
                0x00000000       0x20 _build/nrf_drv_uart.o
 .text          0x00000000        0x0 _build/bsp.o
 .data          0x00000000        0x0 _build/bsp.o
 .bss           0x00000000        0x0 _build/bsp.o
 .text.bsp_buttons_state_get
                0x00000000       0x40 _build/bsp.o
 .text.bsp_indication_set
                0x00000000      0x394 _build/bsp.o
 .rodata.bsp_indication_set
                0x00000000       0x60 _build/bsp.o
 .text.bsp_indication_text_set
                0x00000000      0x394 _build/bsp.o
 .rodata.bsp_indication_text_set
                0x00000000       0x60 _build/bsp.o
 .text.bsp_event_to_button_action_assign
                0x00000000       0x58 _build/bsp.o
 .text.bsp_buttons_enable
                0x00000000        0x8 _build/bsp.o
 .text.bsp_buttons_disable
                0x00000000        0x8 _build/bsp.o
 .text.bsp_wakeup_buttons_set
                0x00000000       0x8c _build/bsp.o
 .text          0x00000000        0x0 _build/main.o
 .data          0x00000000        0x0 _build/main.o
 .bss           0x00000000        0x0 _build/main.o
 .text          0x00000000        0x0 _build/ble_advdata.o
 .data          0x00000000        0x0 _build/ble_advdata.o
 .bss           0x00000000        0x0 _build/ble_advdata.o
 .text          0x00000000        0x0 _build/ble_conn_params.o
 .data          0x00000000        0x0 _build/ble_conn_params.o
 .bss           0x00000000        0x0 _build/ble_conn_params.o
 .text.sd_ble_gap_conn_param_update
                0x00000000        0x4 _build/ble_conn_params.o
 .text.sd_ble_gap_disconnect
                0x00000000        0x4 _build/ble_conn_params.o
 .text.sd_ble_gap_ppcp_set
                0x00000000        0x4 _build/ble_conn_params.o
 .text.sd_ble_gap_ppcp_get
                0x00000000        0x4 _build/ble_conn_params.o
 .text.update_timeout_handler
                0x00000000       0x78 _build/ble_conn_params.o
 .text.conn_params_negotiation
                0x00000000       0x88 _build/ble_conn_params.o
 .text.ble_conn_params_init
                0x00000000       0x78 _build/ble_conn_params.o
 .text.ble_conn_params_stop
                0x00000000       0x10 _build/ble_conn_params.o
 .text.ble_conn_params_on_ble_evt
                0x00000000       0xac _build/ble_conn_params.o
 .text.ble_conn_params_change_conn_params
                0x00000000       0x70 _build/ble_conn_params.o
 .bss.m_change_param
                0x00000000        0x1 _build/ble_conn_params.o
 .bss.m_current_conn_params
                0x00000000        0x8 _build/ble_conn_params.o
 .bss.m_update_count
                0x00000000        0x1 _build/ble_conn_params.o
 .bss.m_conn_params_config
                0x00000000       0x1c _build/ble_conn_params.o
 .bss.m_conn_params_timer_id_data
                0x00000000       0x20 _build/ble_conn_params.o
 .rodata.m_conn_params_timer_id
                0x00000000        0x4 _build/ble_conn_params.o
 .bss.m_conn_handle
                0x00000000        0x2 _build/ble_conn_params.o
 .bss.m_preferred_conn_params
                0x00000000        0x8 _build/ble_conn_params.o
 .comment       0x00000000       0x6f _build/ble_conn_params.o
 .ARM.attributes
                0x00000000       0x31 _build/ble_conn_params.o
 .text          0x00000000        0x0 _build/ble_srv_common.o
 .data          0x00000000        0x0 _build/ble_srv_common.o
 .bss           0x00000000        0x0 _build/ble_srv_common.o
 .text.sd_ble_gatts_characteristic_add
                0x00000000        0x4 _build/ble_srv_common.o
 .text.sd_ble_gatts_descriptor_add
                0x00000000        0x4 _build/ble_srv_common.o
 .text.ble_srv_report_ref_encode
                0x00000000        0xc _build/ble_srv_common.o
 .text.ble_srv_ascii_to_utf8
                0x00000000       0x14 _build/ble_srv_common.o
 .text.characteristic_add
                0x00000000      0x368 _build/ble_srv_common.o
 .rodata.characteristic_add
                0x00000000       0x78 _build/ble_srv_common.o
 .text.descriptor_add
                0x00000000      0x15c _build/ble_srv_common.o
 .rodata.descriptor_add
                0x00000000       0x30 _build/ble_srv_common.o
 .comment       0x00000000       0x6f _build/ble_srv_common.o
 .ARM.attributes
                0x00000000       0x31 _build/ble_srv_common.o
 .text          0x00000000        0x0 _build/system_nrf51.o
 .data          0x00000000        0x0 _build/system_nrf51.o
 .bss           0x00000000        0x0 _build/system_nrf51.o
 .text.SystemCoreClockUpdate
                0x00000000       0x10 _build/system_nrf51.o
 .data.SystemCoreClock
                0x00000000        0x4 _build/system_nrf51.o
 .text          0x00000000        0x0 _build/softdevice_handler.o
 .data          0x00000000        0x0 _build/softdevice_handler.o
 .bss           0x00000000        0x0 _build/softdevice_handler.o
 .text.sd_softdevice_disable
                0x00000000        0x4 _build/softdevice_handler.o
 .text.intern_softdevice_events_execute
                0x00000000       0x14 _build/softdevice_handler.o
 .text.softdevice_handler_isEnabled
                0x00000000        0xc _build/softdevice_handler.o
 .text.softdevice_handler_sd_disable
                0x00000000       0x18 _build/softdevice_handler.o
 .data          0x00000000        0x0 _build/gcc_startup_nrf51.o
 .bss           0x00000000        0x0 _build/gcc_startup_nrf51.o
 .ARM.extab     0x00000000        0x0 _build/gcc_startup_nrf51.o
 .data          0x00000000        0x0 d:/nrf51822/gcc-arm/bin/../lib/gcc/arm-none-eabi/5.4.1/armv6-m\libgcc.a(_udivsi3.o)
 .bss           0x00000000        0x0 d:/nrf51822/gcc-arm/bin/../lib/gcc/arm-none-eabi/5.4.1/armv6-m\libgcc.a(_udivsi3.o)
 .data          0x00000000        0x0 d:/nrf51822/gcc-arm/bin/../lib/gcc/arm-none-eabi/5.4.1/armv6-m\libgcc.a(_dvmd_tls.o)
 .bss           0x00000000        0x0 d:/nrf51822/gcc-arm/bin/../lib/gcc/arm-none-eabi/5.4.1/armv6-m\libgcc.a(_dvmd_tls.o)
 .text          0x00000000        0x0 d:/nrf51822/gcc-arm/bin/../lib/gcc/arm-none-eabi/5.4.1/../../../../arm-none-eabi/lib/armv6-m\libc_nano.a(lib_a-memcpy-stub.o)
 .data          0x00000000        0x0 d:/nrf51822/gcc-arm/bin/../lib/gcc/arm-none-eabi/5.4.1/../../../../arm-none-eabi/lib/armv6-m\libc_nano.a(lib_a-memcpy-stub.o)
 .bss           0x00000000        0x0 d:/nrf51822/gcc-arm/bin/../lib/gcc/arm-none-eabi/5.4.1/../../../../arm-none-eabi/lib/armv6-m\libc_nano.a(lib_a-memcpy-stub.o)
 .data          0x00000000        0x0 d:/nrf51822/gcc-arm/bin/../lib/gcc/arm-none-eabi/5.4.1/../../../../arm-none-eabi/lib/armv6-m\libc_nano.a(lib_a-strlen.o)
 .bss           0x00000000        0x0 d:/nrf51822/gcc-arm/bin/../lib/gcc/arm-none-eabi/5.4.1/../../../../arm-none-eabi/lib/armv6-m\libc_nano.a(lib_a-strlen.o)
 .text          0x00000000        0x0 d:/nrf51822/gcc-arm/bin/../lib/gcc/arm-none-eabi/5.4.1/armv6-m/crtend.o
 .data          0x00000000        0x0 d:/nrf51822/gcc-arm/bin/../lib/gcc/arm-none-eabi/5.4.1/armv6-m/crtend.o
 .bss           0x00000000        0x0 d:/nrf51822/gcc-arm/bin/../lib/gcc/arm-none-eabi/5.4.1/armv6-m/crtend.o
 .eh_frame      0x00000000        0x4 d:/nrf51822/gcc-arm/bin/../lib/gcc/arm-none-eabi/5.4.1/armv6-m/crtend.o
 .jcr           0x00000000        0x4 d:/nrf51822/gcc-arm/bin/../lib/gcc/arm-none-eabi/5.4.1/armv6-m/crtend.o
 .ARM.attributes
                0x00000000       0x2c d:/nrf51822/gcc-arm/bin/../lib/gcc/arm-none-eabi/5.4.1/armv6-m/crtend.o
 .text          0x00000000        0x0 d:/nrf51822/gcc-arm/bin/../lib/gcc/arm-none-eabi/5.4.1/armv6-m/crtn.o
 .data          0x00000000        0x0 d:/nrf51822/gcc-arm/bin/../lib/gcc/arm-none-eabi/5.4.1/armv6-m/crtn.o
 .bss           0x00000000        0x0 d:/nrf51822/gcc-arm/bin/../lib/gcc/arm-none-eabi/5.4.1/armv6-m/crtn.o

Memory Configuration

Name             Origin             Length             Attributes
FLASH            0x00018000         0x00028000         xr
RAM              0x20002000         0x00006000         xrw
*default*        0x00000000         0xffffffff

Linker script and memory map

LOAD d:/nrf51822/gcc-arm/bin/../lib/gcc/arm-none-eabi/5.4.1/armv6-m/crti.o
LOAD d:/nrf51822/gcc-arm/bin/../lib/gcc/arm-none-eabi/5.4.1/armv6-m/crtbegin.o
LOAD d:/nrf51822/gcc-arm/bin/../lib/gcc/arm-none-eabi/5.4.1/../../../../arm-none-eabi/lib/armv6-m/crt0.o
LOAD d:/nrf51822/gcc-arm/bin/../lib/gcc/arm-none-eabi/5.4.1/../../../../arm-none-eabi/lib/armv6-m\libc_nano.a
LOAD d:/nrf51822/gcc-arm/bin/../lib/gcc/arm-none-eabi/5.4.1/../../../../arm-none-eabi/lib/armv6-m\libnosys.a
LOAD _build/app_button.o
LOAD _build/app_error.o
LOAD _build/app_fifo.o
LOAD _build/app_timer.o
LOAD _build/nrf_assert.o
LOAD _build/app_uart_fifo.o
LOAD _build/nrf_delay.o
LOAD _build/nrf_drv_common.o
LOAD _build/nrf_drv_gpiote.o
LOAD _build/nrf_drv_uart.o
LOAD _build/bsp.o
LOAD _build/main.o
LOAD _build/ble_advdata.o
LOAD _build/ble_conn_params.o
LOAD _build/ble_srv_common.o
LOAD _build/system_nrf51.o
LOAD _build/softdevice_handler.o
LOAD _build/gcc_startup_nrf51.o
START GROUP
LOAD d:/nrf51822/gcc-arm/bin/../lib/gcc/arm-none-eabi/5.4.1/armv6-m\libgcc.a
LOAD d:/nrf51822/gcc-arm/bin/../lib/gcc/arm-none-eabi/5.4.1/../../../../arm-none-eabi/lib/armv6-m\libc_nano.a
END GROUP
START GROUP
LOAD d:/nrf51822/gcc-arm/bin/../lib/gcc/arm-none-eabi/5.4.1/armv6-m\libgcc.a
LOAD d:/nrf51822/gcc-arm/bin/../lib/gcc/arm-none-eabi/5.4.1/../../../../arm-none-eabi/lib/armv6-m\libc_nano.a
END GROUP
LOAD d:/nrf51822/gcc-arm/bin/../lib/gcc/arm-none-eabi/5.4.1/armv6-m/crtend.o
LOAD d:/nrf51822/gcc-arm/bin/../lib/gcc/arm-none-eabi/5.4.1/armv6-m/crtn.o
START GROUP
LOAD d:/nrf51822/gcc-arm/bin/../lib/gcc/arm-none-eabi/5.4.1/armv6-m\libgcc.a
LOAD d:/nrf51822/gcc-arm/bin/../lib/gcc/arm-none-eabi/5.4.1/../../../../arm-none-eabi/lib/armv6-m\libc.a
LOAD d:/nrf51822/gcc-arm/bin/../lib/gcc/arm-none-eabi/5.4.1/../../../../arm-none-eabi/lib/armv6-m\libnosys.a
END GROUP

.fs_data_out    0x00000000        0x0
                [!provide]                PROVIDE (__start_fs_data, .)
 *(fs_data)
                [!provide]                PROVIDE (__stop_fs_data, .)

.text           0x00018000     0x2c80
 *(.Vectors)
 .Vectors       0x00018000       0xc0 _build/gcc_startup_nrf51.o
                0x00018000                __Vectors
 *(.text*)
 .text          0x000180c0       0x60 d:/nrf51822/gcc-arm/bin/../lib/gcc/arm-none-eabi/5.4.1/armv6-m/crtbegin.o
 .text          0x00018120       0x78 d:/nrf51822/gcc-arm/bin/../lib/gcc/arm-none-eabi/5.4.1/../../../../arm-none-eabi/lib/armv6-m/crt0.o
                0x00018120                _start
                0x00018120                _mainCRTStartup
 .text.exit     0x00018198       0x2c d:/nrf51822/gcc-arm/bin/../lib/gcc/arm-none-eabi/5.4.1/../../../../arm-none-eabi/lib/armv6-m\libc_nano.a(lib_a-exit.o)
                0x00018198                exit
 .text.__libc_init_array
                0x000181c4       0x4c d:/nrf51822/gcc-arm/bin/../lib/gcc/arm-none-eabi/5.4.1/../../../../arm-none-eabi/lib/armv6-m\libc_nano.a(lib_a-init.o)
                0x000181c4                __libc_init_array
 .text.memset   0x00018210       0x10 d:/nrf51822/gcc-arm/bin/../lib/gcc/arm-none-eabi/5.4.1/../../../../arm-none-eabi/lib/armv6-m\libc_nano.a(lib_a-memset.o)
                0x00018210                memset
 .text._exit    0x00018220        0x4 d:/nrf51822/gcc-arm/bin/../lib/gcc/arm-none-eabi/5.4.1/../../../../arm-none-eabi/lib/armv6-m\libnosys.a(_exit.o)
                0x00018220                _exit
 .text.detection_delay_timeout_handler
                0x00018224       0xa0 _build/app_button.o
 .text.gpiote_event_handler
                0x000182c4       0x5c _build/app_button.o
 .text.app_button_init
                0x00018320       0xb4 _build/app_button.o
                0x00018320                app_button_init
 .text.app_button_enable
                0x000183d4       0x30 _build/app_button.o
                0x000183d4                app_button_enable
 .text.app_error_handler
                0x00018404       0x18 _build/app_error.o
                0x00018404                app_error_handler
 .text.rtc1_stop
                0x0001841c       0x78 _build/app_timer.o
 .text.RTC1_IRQHandler
                0x00018494       0xe0 _build/app_timer.o
                0x00018494                RTC1_IRQHandler
 .text.SWI0_IRQHandler
                0x00018574      0x4c0 _build/app_timer.o
                0x00018574                SWI0_IRQHandler
 .text.app_timer_init
                0x00018a34       0xe4 _build/app_timer.o
                0x00018a34                app_timer_init
 .text.app_timer_create
                0x00018b18       0x34 _build/app_timer.o
                0x00018b18                app_timer_create
 .text.app_timer_start
                0x00018b4c       0xec _build/app_timer.o
                0x00018b4c                app_timer_start
 .text.app_timer_stop
                0x00018c38       0xc4 _build/app_timer.o
                0x00018c38                app_timer_stop
 .text.nrf_drv_common_irq_enable
                0x00018cfc       0x7c _build/nrf_drv_common.o
                0x00018cfc                nrf_drv_common_irq_enable
 .text.nrf_drv_gpiote_init
                0x00018d78       0x68 _build/nrf_drv_gpiote.o
                0x00018d78                nrf_drv_gpiote_init
 .text.nrf_drv_gpiote_is_init
                0x00018de0       0x14 _build/nrf_drv_gpiote.o
                0x00018de0                nrf_drv_gpiote_is_init
 .text.nrf_drv_gpiote_in_init
                0x00018df4      0x15c _build/nrf_drv_gpiote.o
                0x00018df4                nrf_drv_gpiote_in_init
 .text.nrf_drv_gpiote_in_event_enable
                0x00018f50       0xa8 _build/nrf_drv_gpiote.o
                0x00018f50                nrf_drv_gpiote_in_event_enable
 .text.nrf_drv_gpiote_in_is_set
                0x00018ff8       0x14 _build/nrf_drv_gpiote.o
                0x00018ff8                nrf_drv_gpiote_in_is_set
 .text.GPIOTE_IRQHandler
                0x0001900c      0x3a8 _build/nrf_drv_gpiote.o
                0x0001900c                GPIOTE_IRQHandler
 .text.UART0_IRQHandler
                0x000193b4      0x16c _build/nrf_drv_uart.o
                0x000193b4                UART0_IRQHandler
 .text.alert_timer_handler
                0x00019520       0x28 _build/bsp.o
 .text.bsp_button_event_handler
                0x00019548       0xcc _build/bsp.o
 .text.leds_timer_handler
                0x00019614      0x340 _build/bsp.o
 .text.button_timer_handler
                0x00019954       0x48 _build/bsp.o
 .text.bsp_button_is_pressed
                0x0001999c       0x2c _build/bsp.o
                0x0001999c                bsp_button_is_pressed
 .text.bsp_init
                0x000199c8       0xc0 _build/bsp.o
                0x000199c8                bsp_init
 .text.sd_ble_gap_adv_start
                0x00019a88        0x4 _build/main.o
 .text.sd_ble_gap_disconnect
                0x00019a8c        0x4 _build/main.o
 .text.sd_ble_gap_ppcp_set
                0x00019a90        0x4 _build/main.o
 .text.sd_ble_gap_device_name_set
                0x00019a94        0x4 _build/main.o
 .text.unlikely.sd_ble_gatts_service_add
                0x00019a98        0x4 _build/main.o
 .text.unlikely.sd_ble_gatts_characteristic_add
                0x00019a9c        0x4 _build/main.o
 .text.sd_ble_gatts_hvx
                0x00019aa0        0x4 _build/main.o
 .text.sd_ble_gatts_sys_attr_set
                0x00019aa4        0x4 _build/main.o
 .text.sd_ble_enable
                0x00019aa8        0x4 _build/main.o
 .text.unlikely.sd_ble_uuid_vs_add
                0x00019aac        0x4 _build/main.o
 .text.sd_power_system_off
                0x00019ab0        0x4 _build/main.o
 .text.sd_app_evt_wait
                0x00019ab4        0x4 _build/main.o
 .text.sys_evt_dispatch
                0x00019ab8        0x4 _build/main.o
 .text.notif_timeout_handler
                0x00019abc       0x38 _build/main.o
 .text.ble_evt_dispatch
                0x00019af4      0x190 _build/main.o
 .text.connection_interval_timeout_handler
                0x00019c84       0x8c _build/main.o
 .text.assert_nrf_callback
                0x00019d10       0x14 _build/main.o
                0x00019d10                assert_nrf_callback
 .text.startup.main
                0x00019d24      0x378 _build/main.o
                0x00019d24                main
 .text.sd_ble_gap_address_get
                0x0001a09c        0x4 _build/ble_advdata.o
 .text.sd_ble_gap_adv_data_set
                0x0001a0a0        0x4 _build/ble_advdata.o
 .text.sd_ble_gap_appearance_get
                0x0001a0a4        0x4 _build/ble_advdata.o
 .text.sd_ble_gap_device_name_get
                0x0001a0a8        0x4 _build/ble_advdata.o
 .text.sd_ble_uuid_encode
                0x0001a0ac        0x4 _build/ble_advdata.o
 .text.uuid_list_sized_encode
                0x0001a0b0       0xf8 _build/ble_advdata.o
 .text.adv_data_encode
                0x0001a1a8      0x5b8 _build/ble_advdata.o
                0x0001a1a8                adv_data_encode
 .text.ble_advdata_set
                0x0001a760       0x68 _build/ble_advdata.o
                0x0001a760                ble_advdata_set
 .text.SystemInit
                0x0001a7c8       0x94 _build/system_nrf51.o
                0x0001a7c8                SystemInit
 .text.sd_nvic_EnableIRQ
                0x0001a85c        0x4 _build/softdevice_handler.o
 .text.sd_evt_get
                0x0001a860        0x4 _build/softdevice_handler.o
 .text.sd_softdevice_enable
                0x0001a864        0x4 _build/softdevice_handler.o
 .text.sd_ble_evt_get
                0x0001a868        0x4 _build/softdevice_handler.o
 .text.softdevice_assertion_handler
                0x0001a86c        0xc _build/softdevice_handler.o
                0x0001a86c                softdevice_assertion_handler
 .text.intern_softdevice_events_execute.part.0
                0x0001a878       0xec _build/softdevice_handler.o
 .text.softdevice_handler_init
                0x0001a964       0x4c _build/softdevice_handler.o
                0x0001a964                softdevice_handler_init
 .text.softdevice_ble_evt_handler_set
                0x0001a9b0       0x14 _build/softdevice_handler.o
                0x0001a9b0                softdevice_ble_evt_handler_set
 .text.softdevice_sys_evt_handler_set
                0x0001a9c4       0x14 _build/softdevice_handler.o
                0x0001a9c4                softdevice_sys_evt_handler_set
 .text.SWI2_IRQHandler
                0x0001a9d8       0x34 _build/softdevice_handler.o
                0x0001a9d8                SWI2_IRQHandler
 .text          0x0001aa0c       0x54 _build/gcc_startup_nrf51.o
                0x0001aa0c                Reset_Handler
                0x0001aa54                NMI_Handler
                0x0001aa56                HardFault_Handler
                0x0001aa58                SVC_Handler
                0x0001aa5a                PendSV_Handler
                0x0001aa5c                SysTick_Handler
                0x0001aa5e                RTC0_IRQHandler
                0x0001aa5e                POWER_CLOCK_IRQHandler
                0x0001aa5e                SPI0_TWI0_IRQHandler
                0x0001aa5e                LPCOMP_IRQHandler
                0x0001aa5e                SWI4_IRQHandler
                0x0001aa5e                TEMP_IRQHandler
                0x0001aa5e                QDEC_IRQHandler
                0x0001aa5e                SWI5_IRQHandler
                0x0001aa5e                TIMER0_IRQHandler
                0x0001aa5e                RADIO_IRQHandler
                0x0001aa5e                TIMER1_IRQHandler
                0x0001aa5e                ECB_IRQHandler
                0x0001aa5e                Default_Handler
                0x0001aa5e                ADC_IRQHandler
                0x0001aa5e                SWI3_IRQHandler
                0x0001aa5e                CCM_AAR_IRQHandler
                0x0001aa5e                WDT_IRQHandler
                0x0001aa5e                TIMER2_IRQHandler
                0x0001aa5e                RNG_IRQHandler
                0x0001aa5e                SPI1_TWI1_IRQHandler
                0x0001aa5e                SWI1_IRQHandler
 .text          0x0001aa60      0x114 d:/nrf51822/gcc-arm/bin/../lib/gcc/arm-none-eabi/5.4.1/armv6-m\libgcc.a(_udivsi3.o)
                0x0001aa60                __aeabi_uidiv
                0x0001aa60                __udivsi3
                0x0001ab6c                __aeabi_uidivmod
 .text          0x0001ab74        0x4 d:/nrf51822/gcc-arm/bin/../lib/gcc/arm-none-eabi/5.4.1/armv6-m\libgcc.a(_dvmd_tls.o)
                0x0001ab74                __aeabi_idiv0
                0x0001ab74                __aeabi_ldiv0
 .text.memcpy   0x0001ab78       0x12 d:/nrf51822/gcc-arm/bin/../lib/gcc/arm-none-eabi/5.4.1/../../../../arm-none-eabi/lib/armv6-m\libc_nano.a(lib_a-memcpy-stub.o)
                0x0001ab78                memcpy
 .text          0x0001ab8a        0xe d:/nrf51822/gcc-arm/bin/../lib/gcc/arm-none-eabi/5.4.1/../../../../arm-none-eabi/lib/armv6-m\libc_nano.a(lib_a-strlen.o)
                0x0001ab8a                strlen
 *(.init)
 .init          0x0001ab98        0x4 d:/nrf51822/gcc-arm/bin/../lib/gcc/arm-none-eabi/5.4.1/armv6-m/crti.o
                0x0001ab98                _init
 .init          0x0001ab9c        0x8 d:/nrf51822/gcc-arm/bin/../lib/gcc/arm-none-eabi/5.4.1/armv6-m/crtn.o
 *(.fini)
 .fini          0x0001aba4        0x4 d:/nrf51822/gcc-arm/bin/../lib/gcc/arm-none-eabi/5.4.1/armv6-m/crti.o
                0x0001aba4                _fini
 .fini          0x0001aba8        0x8 d:/nrf51822/gcc-arm/bin/../lib/gcc/arm-none-eabi/5.4.1/armv6-m/crtn.o
 *crtbegin.o(.ctors)
 *crtbegin?.o(.ctors)
 *(EXCLUDE_FILE(*crtend.o *crtend?.o) .ctors)
 *(SORT(.ctors.*))
 *(.ctors)
 *crtbegin.o(.dtors)
 *crtbegin?.o(.dtors)
 *(EXCLUDE_FILE(*crtend.o *crtend?.o) .dtors)
 *(SORT(.dtors.*))
 *(.dtors)
 *(.rodata*)
 .rodata._global_impure_ptr
                0x0001abb0        0x4 d:/nrf51822/gcc-arm/bin/../lib/gcc/arm-none-eabi/5.4.1/../../../../arm-none-eabi/lib/armv6-m\libc_nano.a(lib_a-impure.o)
                0x0001abb0                _global_impure_ptr
 .rodata.m_detection_delay_timer_id
                0x0001abb4        0x4 _build/app_button.o
 .rodata.leds_timer_handler
                0x0001abb8       0x60 _build/bsp.o
 .rodata.m_button_timer_id
                0x0001ac18        0x4 _build/bsp.o
 .rodata.m_buttons_list
                0x0001ac1c       0x10 _build/bsp.o
 .rodata.m_leds_timer_id
                0x0001ac2c        0x4 _build/bsp.o
 .rodata.app_buttons
                0x0001ac30       0x20 _build/bsp.o
 .rodata.m_alert_timer_id
                0x0001ac50        0x4 _build/bsp.o
 .rodata.m_base_uuid128
                0x0001ac54       0x10 _build/main.o
 .rodata.m_notif_timer_id
                0x0001ac64        0x4 _build/main.o
 .rodata.m_conn_int_timer_id
                0x0001ac68        0x4 _build/main.o
 .rodata.str1.4
                0x0001ac6c       0x14 _build/main.o
                                 0x12 (size before relaxing)
 *(.eh_frame*)
 .eh_frame      0x0001ac80        0x0 d:/nrf51822/gcc-arm/bin/../lib/gcc/arm-none-eabi/5.4.1/armv6-m/crtbegin.o
                0x0001ac80                . = ALIGN (0x4)

.glue_7         0x0001ac80        0x0
 .glue_7        0x0001ac80        0x0 linker stubs

.glue_7t        0x0001ac80        0x0
 .glue_7t       0x0001ac80        0x0 linker stubs

.vfp11_veneer   0x0001ac80        0x0
 .vfp11_veneer  0x0001ac80        0x0 linker stubs

.v4_bx          0x0001ac80        0x0
 .v4_bx         0x0001ac80        0x0 linker stubs

.iplt           0x0001ac80        0x0
 .iplt          0x0001ac80        0x0 d:/nrf51822/gcc-arm/bin/../lib/gcc/arm-none-eabi/5.4.1/armv6-m/crtbegin.o

.ARM.extab      0x0001ac80        0x0
 *(.ARM.extab* .gnu.linkonce.armextab.*)
                0x0001ac80                . = ALIGN (0x4)
                0x0001ac80                __exidx_start = .

.ARM.exidx      0x0001ac80        0x8
 *(.ARM.exidx* .gnu.linkonce.armexidx.*)
 .ARM.exidx     0x0001ac80        0x8 d:/nrf51822/gcc-arm/bin/../lib/gcc/arm-none-eabi/5.4.1/../../../../arm-none-eabi/lib/armv6-m/crt0.o
 .ARM.exidx     0x0001ac88        0x0 _build/gcc_startup_nrf51.o
                                  0x8 (size before relaxing)
                0x0001ac88                . = ALIGN (0x4)
                0x0001ac88                __exidx_end = .
                0x0001ac88                __etext = .

.rel.dyn        0x0001ac88        0x0
 .rel.iplt      0x0001ac88        0x0 d:/nrf51822/gcc-arm/bin/../lib/gcc/arm-none-eabi/5.4.1/armv6-m/crtbegin.o

.data           0x20002000       0x6c load address 0x0001ac88
                0x20002000                __data_start__ = .
 *(vtable)
 *(.data*)
 .data.impure_data
                0x20002000       0x60 d:/nrf51822/gcc-arm/bin/../lib/gcc/arm-none-eabi/5.4.1/../../../../arm-none-eabi/lib/armv6-m\libc_nano.a(lib_a-impure.o)
 .data.m_conn_handle
                0x20002060        0x2 _build/main.o
                0x20002064                . = ALIGN (0x4)
 *fill*         0x20002062        0x2 
                0x20002064                PROVIDE (__preinit_array_start, .)
 *(.preinit_array)
                0x20002064                PROVIDE (__preinit_array_end, .)
                0x20002064                . = ALIGN (0x4)
                0x20002064                PROVIDE (__init_array_start, .)
 *(SORT(.init_array.*))
 *(.init_array)
 .init_array    0x20002064        0x4 d:/nrf51822/gcc-arm/bin/../lib/gcc/arm-none-eabi/5.4.1/armv6-m/crtbegin.o
                0x20002068                PROVIDE (__init_array_end, .)
                0x20002068                . = ALIGN (0x4)
                [!provide]                PROVIDE (__fini_array_start, .)
 *(SORT(.fini_array.*))
 *(.fini_array)
 .fini_array    0x20002068        0x4 d:/nrf51822/gcc-arm/bin/../lib/gcc/arm-none-eabi/5.4.1/armv6-m/crtbegin.o
                [!provide]                PROVIDE (__fini_array_end, .)
 *(.jcr)
 .jcr           0x2000206c        0x0 d:/nrf51822/gcc-arm/bin/../lib/gcc/arm-none-eabi/5.4.1/armv6-m/crtbegin.o
                0x2000206c                . = ALIGN (0x4)
                0x2000206c                __data_end__ = .

.igot.plt       0x2000206c        0x0 load address 0x0001acf4
 .igot.plt      0x2000206c        0x0 d:/nrf51822/gcc-arm/bin/../lib/gcc/arm-none-eabi/5.4.1/armv6-m/crtbegin.o

.bss            0x2000206c      0x414 load address 0x0001acf4
                0x2000206c                . = ALIGN (0x4)
                0x2000206c                __bss_start__ = .
 *(.bss*)
 .bss           0x2000206c       0x1c d:/nrf51822/gcc-arm/bin/../lib/gcc/arm-none-eabi/5.4.1/armv6-m/crtbegin.o
 .bss.m_detection_delay
                0x20002088        0x4 _build/app_button.o
 .bss.mp_buttons
                0x2000208c        0x4 _build/app_button.o
 .bss.m_button_count
                0x20002090        0x1 _build/app_button.o
 *fill*         0x20002091        0x3 
 .bss.m_detection_delay_timer_id_data
                0x20002094       0x20 _build/app_button.o
 .bss.m_pin_state
                0x200020b4        0x4 _build/app_button.o
 .bss.m_pin_transition
                0x200020b8        0x4 _build/app_button.o
 .bss.m_ticks_latest
                0x200020bc        0x4 _build/app_timer.o
 .bss.mp_timer_id_head
                0x200020c0        0x4 _build/app_timer.o
 .bss.m_evt_schedule_func
                0x200020c4        0x4 _build/app_timer.o
 .bss.m_user_array_size
                0x200020c8        0x1 _build/app_timer.o
 *fill*         0x200020c9        0x3 
 .bss.mp_users  0x200020cc        0x4 _build/app_timer.o
 .bss.m_ticks_elapsed_q_read_ind
                0x200020d0        0x1 _build/app_timer.o
 .bss.m_ticks_elapsed_q_write_ind
                0x200020d1        0x1 _build/app_timer.o
 .bss.m_rtc1_reset
                0x200020d2        0x1 _build/app_timer.o
 *fill*         0x200020d3        0x1 
 .bss.m_ticks_elapsed
                0x200020d4        0x8 _build/app_timer.o
 .bss.m_rtc1_running
                0x200020dc        0x1 _build/app_timer.o
 *fill*         0x200020dd        0x3 
 .bss.m_cb      0x200020e0       0x48 _build/nrf_drv_gpiote.o
 .bss.m_cb      0x20002128       0x18 _build/nrf_drv_uart.o
 .bss.m_leds_timer_id_data
                0x20002140       0x20 _build/bsp.o
 .bss.m_indication_type
                0x20002160        0x4 _build/bsp.o
 .bss.m_alert_mask
                0x20002164        0x4 _build/bsp.o
 .bss.current_long_push_pin_no.6055
                0x20002168        0x1 _build/bsp.o
 *fill*         0x20002169        0x3 
 .bss.m_app_ticks_per_100ms
                0x2000216c        0x4 _build/bsp.o
 .bss.release_event_at_push.6056
                0x20002170        0x4 _build/bsp.o
 .bss.m_registered_callback
                0x20002174        0x4 _build/bsp.o
 .bss.m_button_timer_id_data
                0x20002178       0x20 _build/bsp.o
 .bss.m_stable_state
                0x20002198        0x1 _build/bsp.o
 *fill*         0x20002199        0x3 
 .bss.m_alert_timer_id_data
                0x2000219c       0x20 _build/bsp.o
 .bss.m_events_list
                0x200021bc        0xc _build/bsp.o
 .bss.m_conn_int_timer_id_data
                0x200021c8       0x20 _build/main.o
 .bss.m_addl_adv_manuf_data
                0x200021e8       0x18 _build/main.o
 .bss.APP_TIMER_BUF.8137
                0x20002200      0x1c8 _build/main.o
 .bss.BLE_EVT_BUFFER.8170
                0x200023c8       0x48 _build/main.o
 .bss.m_char_handles
                0x20002410        0x8 _build/main.o
 .bss.m_is_notifying_enabled
                0x20002418        0x1 _build/main.o
 *fill*         0x20002419        0x3 
 .bss.m_notif_timer_id_data
                0x2000241c       0x20 _build/main.o
 .bss.m_service_handle
                0x2000243c        0x2 _build/main.o
 *fill*         0x2000243e        0x2 
 .bss.m_adv_params
                0x20002440       0x18 _build/main.o
 .bss.m_char_value
                0x20002458       0x14 _build/main.o
 .bss.m_softdevice_enabled
                0x2000246c        0x1 _build/softdevice_handler.o
 *fill*         0x2000246d        0x1 
 .bss.m_ble_evt_buffer_size
                0x2000246e        0x2 _build/softdevice_handler.o
 .bss.mp_ble_evt_buffer
                0x20002470        0x4 _build/softdevice_handler.o
 .bss.m_sys_evt_handler
                0x20002474        0x4 _build/softdevice_handler.o
 .bss.m_ble_evt_handler
                0x20002478        0x4 _build/softdevice_handler.o
 .bss.m_evt_schedule_func
                0x2000247c        0x4 _build/softdevice_handler.o
 *(COMMON)
                0x20002480                . = ALIGN (0x4)
                0x20002480                __bss_end__ = .

.heap           0x20002480      0x800
                0x20002480                __end__ = .
                0x20002480                end = __end__
 *(.heap*)
 .heap          0x20002480      0x800 _build/gcc_startup_nrf51.o
                0x20002480                __HeapBase
                0x20002c80                __HeapLimit = .

.stack_dummy    0x20002480      0x800
 *(.stack*)
 .stack         0x20002480      0x800 _build/gcc_startup_nrf51.o
                0x20008000                __StackTop = (ORIGIN (RAM) + LENGTH (RAM))
                0x20007800                __StackLimit = (__StackTop - SIZEOF (.stack_dummy))
                0x20008000                PROVIDE (__stack, __StackTop)
                0x00000001                ASSERT ((__StackLimit >= __HeapLimit), region RAM overflowed with stack)
OUTPUT(_build/nrf51422_xxac_s110.out elf32-littlearm)

.ARM.attributes
                0x00000000       0x28
 .ARM.attributes
                0x00000000       0x1e d:/nrf51822/gcc-arm/bin/../lib/gcc/arm-none-eabi/5.4.1/armv6-m/crti.o
 .ARM.attributes
                0x0000001e       0x2c d:/nrf51822/gcc-arm/bin/../lib/gcc/arm-none-eabi/5.4.1/armv6-m/crtbegin.o
 .ARM.attributes
                0x0000004a       0x1b d:/nrf51822/gcc-arm/bin/../lib/gcc/arm-none-eabi/5.4.1/../../../../arm-none-eabi/lib/armv6-m/crt0.o
 .ARM.attributes
                0x00000065       0x2c d:/nrf51822/gcc-arm/bin/../lib/gcc/arm-none-eabi/5.4.1/../../../../arm-none-eabi/lib/armv6-m\libc_nano.a(lib_a-exit.o)
 .ARM.attributes
                0x00000091       0x2c d:/nrf51822/gcc-arm/bin/../lib/gcc/arm-none-eabi/5.4.1/../../../../arm-none-eabi/lib/armv6-m\libc_nano.a(lib_a-impure.o)
 .ARM.attributes
                0x000000bd       0x2c d:/nrf51822/gcc-arm/bin/../lib/gcc/arm-none-eabi/5.4.1/../../../../arm-none-eabi/lib/armv6-m\libc_nano.a(lib_a-init.o)
 .ARM.attributes
                0x000000e9       0x2c d:/nrf51822/gcc-arm/bin/../lib/gcc/arm-none-eabi/5.4.1/../../../../arm-none-eabi/lib/armv6-m\libc_nano.a(lib_a-memset.o)
 .ARM.attributes
                0x00000115       0x2c d:/nrf51822/gcc-arm/bin/../lib/gcc/arm-none-eabi/5.4.1/../../../../arm-none-eabi/lib/armv6-m\libnosys.a(_exit.o)
 .ARM.attributes
                0x00000141       0x31 _build/app_button.o
 .ARM.attributes
                0x00000172       0x31 _build/app_error.o
 .ARM.attributes
                0x000001a3       0x31 _build/app_timer.o
 .ARM.attributes
                0x000001d4       0x31 _build/nrf_drv_common.o
 .ARM.attributes
                0x00000205       0x31 _build/nrf_drv_gpiote.o
 .ARM.attributes
                0x00000236       0x31 _build/nrf_drv_uart.o
 .ARM.attributes
                0x00000267       0x31 _build/bsp.o
 .ARM.attributes
                0x00000298       0x31 _build/main.o
 .ARM.attributes
                0x000002c9       0x31 _build/ble_advdata.o
 .ARM.attributes
                0x000002fa       0x31 _build/system_nrf51.o
 .ARM.attributes
                0x0000032b       0x31 _build/softdevice_handler.o
 .ARM.attributes
                0x0000035c       0x1b _build/gcc_startup_nrf51.o
 .ARM.attributes
                0x00000377       0x1e d:/nrf51822/gcc-arm/bin/../lib/gcc/arm-none-eabi/5.4.1/armv6-m\libgcc.a(_udivsi3.o)
 .ARM.attributes
                0x00000395       0x1e d:/nrf51822/gcc-arm/bin/../lib/gcc/arm-none-eabi/5.4.1/armv6-m\libgcc.a(_dvmd_tls.o)
 .ARM.attributes
                0x000003b3       0x2c d:/nrf51822/gcc-arm/bin/../lib/gcc/arm-none-eabi/5.4.1/../../../../arm-none-eabi/lib/armv6-m\libc_nano.a(lib_a-memcpy-stub.o)
 .ARM.attributes
                0x000003df       0x1c d:/nrf51822/gcc-arm/bin/../lib/gcc/arm-none-eabi/5.4.1/../../../../arm-none-eabi/lib/armv6-m\libc_nano.a(lib_a-strlen.o)
 .ARM.attributes
                0x000003fb       0x1e d:/nrf51822/gcc-arm/bin/../lib/gcc/arm-none-eabi/5.4.1/armv6-m/crtn.o

.comment        0x00000000       0x6e
 .comment       0x00000000       0x6e _build/app_button.o
                                 0x6f (size before relaxing)
 .comment       0x0000006e       0x6f _build/app_error.o
 .comment       0x0000006e       0x6f _build/app_timer.o
 .comment       0x0000006e       0x6f _build/nrf_drv_common.o
 .comment       0x0000006e       0x6f _build/nrf_drv_gpiote.o
 .comment       0x0000006e       0x6f _build/nrf_drv_uart.o
 .comment       0x0000006e       0x6f _build/bsp.o
 .comment       0x0000006e       0x6f _build/main.o
 .comment       0x0000006e       0x6f _build/ble_advdata.o
 .comment       0x0000006e       0x6f _build/system_nrf51.o
 .comment       0x0000006e       0x6f _build/softdevice_handler.o

.debug_frame    0x00000000       0xdc
 .debug_frame   0x00000000       0x28 d:/nrf51822/gcc-arm/bin/../lib/gcc/arm-none-eabi/5.4.1/../../../../arm-none-eabi/lib/armv6-m\libc_nano.a(lib_a-exit.o)
 .debug_frame   0x00000028       0x2c d:/nrf51822/gcc-arm/bin/../lib/gcc/arm-none-eabi/5.4.1/../../../../arm-none-eabi/lib/armv6-m\libc_nano.a(lib_a-init.o)
 .debug_frame   0x00000054       0x20 d:/nrf51822/gcc-arm/bin/../lib/gcc/arm-none-eabi/5.4.1/../../../../arm-none-eabi/lib/armv6-m\libc_nano.a(lib_a-memset.o)
 .debug_frame   0x00000074       0x20 d:/nrf51822/gcc-arm/bin/../lib/gcc/arm-none-eabi/5.4.1/../../../../arm-none-eabi/lib/armv6-m\libnosys.a(_exit.o)
 .debug_frame   0x00000094       0x20 d:/nrf51822/gcc-arm/bin/../lib/gcc/arm-none-eabi/5.4.1/armv6-m\libgcc.a(_udivsi3.o)
 .debug_frame   0x000000b4       0x28 d:/nrf51822/gcc-arm/bin/../lib/gcc/arm-none-eabi/5.4.1/../../../../arm-none-eabi/lib/armv6-m\libc_nano.a(lib_a-memcpy-stub.o)
