Archive member included to satisfy reference by file (symbol)

d:/nrf51822/gcc-arm/bin/../lib/gcc/arm-none-eabi/5.4.1/../../../../arm-none-eabi/lib/armv6-m\libc_nano.a(lib_a-exit.o)
                              d:/nrf51822/gcc-arm/bin/../lib/gcc/arm-none-eabi/5.4.1/../../../../arm-none-eabi/lib/armv6-m/crt0.o (exit)
d:/nrf51822/gcc-arm/bin/../lib/gcc/arm-none-eabi/5.4.1/../../../../arm-none-eabi/lib/armv6-m\libc_nano.a(lib_a-impure.o)
                              d:/nrf51822/gcc-arm/bin/../lib/gcc/arm-none-eabi/5.4.1/../../../../arm-none-eabi/lib/armv6-m\libc_nano.a(lib_a-exit.o) (_global_impure_ptr)
d:/nrf51822/gcc-arm/bin/../lib/gcc/arm-none-eabi/5.4.1/../../../../arm-none-eabi/lib/armv6-m\libc_nano.a(lib_a-init.o)
                              d:/nrf51822/gcc-arm/bin/../lib/gcc/arm-none-eabi/5.4.1/../../../../arm-none-eabi/lib/armv6-m/crt0.o (__libc_init_array)
d:/nrf51822/gcc-arm/bin/../lib/gcc/arm-none-eabi/5.4.1/../../../../arm-none-eabi/lib/armv6-m\libc_nano.a(lib_a-memset.o)
                              d:/nrf51822/gcc-arm/bin/../lib/gcc/arm-none-eabi/5.4.1/../../../../arm-none-eabi/lib/armv6-m/crt0.o (memset)
d:/nrf51822/gcc-arm/bin/../lib/gcc/arm-none-eabi/5.4.1/../../../../arm-none-eabi/lib/armv6-m\libnosys.a(_exit.o)
                              d:/nrf51822/gcc-arm/bin/../lib/gcc/arm-none-eabi/5.4.1/../../../../arm-none-eabi/lib/armv6-m\libc_nano.a(lib_a-exit.o) (_exit)
d:/nrf51822/gcc-arm/bin/../lib/gcc/arm-none-eabi/5.4.1/armv6-m\libgcc.a(_udivsi3.o)
                              _build/pstorage.o (__aeabi_uidiv)
d:/nrf51822/gcc-arm/bin/../lib/gcc/arm-none-eabi/5.4.1/armv6-m\libgcc.a(_divsi3.o)
                              _build/pstorage.o (__aeabi_idiv)
d:/nrf51822/gcc-arm/bin/../lib/gcc/arm-none-eabi/5.4.1/armv6-m\libgcc.a(_dvmd_tls.o)
                              d:/nrf51822/gcc-arm/bin/../lib/gcc/arm-none-eabi/5.4.1/armv6-m\libgcc.a(_udivsi3.o) (__aeabi_idiv0)
d:/nrf51822/gcc-arm/bin/../lib/gcc/arm-none-eabi/5.4.1/armv6-m\libgcc.a(_aeabi_uldivmod.o)
                              _build/main.o (__aeabi_uldivmod)
d:/nrf51822/gcc-arm/bin/../lib/gcc/arm-none-eabi/5.4.1/armv6-m\libgcc.a(_udivmoddi4.o)
                              d:/nrf51822/gcc-arm/bin/../lib/gcc/arm-none-eabi/5.4.1/armv6-m\libgcc.a(_aeabi_uldivmod.o) (__udivmoddi4)
d:/nrf51822/gcc-arm/bin/../lib/gcc/arm-none-eabi/5.4.1/armv6-m\libgcc.a(_clzdi2.o)
                              d:/nrf51822/gcc-arm/bin/../lib/gcc/arm-none-eabi/5.4.1/armv6-m\libgcc.a(_udivmoddi4.o) (__clzdi2)
d:/nrf51822/gcc-arm/bin/../lib/gcc/arm-none-eabi/5.4.1/armv6-m\libgcc.a(_clzsi2.o)
                              d:/nrf51822/gcc-arm/bin/../lib/gcc/arm-none-eabi/5.4.1/armv6-m\libgcc.a(_clzdi2.o) (__clzsi2)
d:/nrf51822/gcc-arm/bin/../lib/gcc/arm-none-eabi/5.4.1/../../../../arm-none-eabi/lib/armv6-m\libc_nano.a(lib_a-memcpy-stub.o)
                              _build/pstorage.o (memcpy)

Allocating common symbols
Common symbol       size              file

adc_batt_level      0x4               _build/main.o
dex_tx_id           0x4               _build/main.o
adc_filtered_batt_level
                    0x4               _build/main.o

Discarded input sections

 .text          0x00000000        0x0 d:/nrf51822/gcc-arm/bin/../lib/gcc/arm-none-eabi/5.4.1/armv6-m/crti.o
 .data          0x00000000        0x0 d:/nrf51822/gcc-arm/bin/../lib/gcc/arm-none-eabi/5.4.1/armv6-m/crti.o
 .bss           0x00000000        0x0 d:/nrf51822/gcc-arm/bin/../lib/gcc/arm-none-eabi/5.4.1/armv6-m/crti.o
 .data          0x00000000        0x4 d:/nrf51822/gcc-arm/bin/../lib/gcc/arm-none-eabi/5.4.1/armv6-m/crtbegin.o
 .data          0x00000000        0x0 d:/nrf51822/gcc-arm/bin/../lib/gcc/arm-none-eabi/5.4.1/../../../../arm-none-eabi/lib/armv6-m/crt0.o
 .bss           0x00000000        0x0 d:/nrf51822/gcc-arm/bin/../lib/gcc/arm-none-eabi/5.4.1/../../../../arm-none-eabi/lib/armv6-m/crt0.o
 .ARM.extab     0x00000000        0x0 d:/nrf51822/gcc-arm/bin/../lib/gcc/arm-none-eabi/5.4.1/../../../../arm-none-eabi/lib/armv6-m/crt0.o
 .text          0x00000000        0x0 d:/nrf51822/gcc-arm/bin/../lib/gcc/arm-none-eabi/5.4.1/../../../../arm-none-eabi/lib/armv6-m\libc_nano.a(lib_a-exit.o)
 .data          0x00000000        0x0 d:/nrf51822/gcc-arm/bin/../lib/gcc/arm-none-eabi/5.4.1/../../../../arm-none-eabi/lib/armv6-m\libc_nano.a(lib_a-exit.o)
 .bss           0x00000000        0x0 d:/nrf51822/gcc-arm/bin/../lib/gcc/arm-none-eabi/5.4.1/../../../../arm-none-eabi/lib/armv6-m\libc_nano.a(lib_a-exit.o)
 .text          0x00000000        0x0 d:/nrf51822/gcc-arm/bin/../lib/gcc/arm-none-eabi/5.4.1/../../../../arm-none-eabi/lib/armv6-m\libc_nano.a(lib_a-impure.o)
 .data          0x00000000        0x0 d:/nrf51822/gcc-arm/bin/../lib/gcc/arm-none-eabi/5.4.1/../../../../arm-none-eabi/lib/armv6-m\libc_nano.a(lib_a-impure.o)
 .bss           0x00000000        0x0 d:/nrf51822/gcc-arm/bin/../lib/gcc/arm-none-eabi/5.4.1/../../../../arm-none-eabi/lib/armv6-m\libc_nano.a(lib_a-impure.o)
 .data._impure_ptr
[...]
Memory Configuration

Name             Origin             Length             Attributes
FLASH            0x00018000         0x00028000         xr
RAM              0x20002000         0x00006000         xrw
*default*        0x00000000         0xffffffff

Linker script and memory map

LOAD d:/nrf51822/gcc-arm/bin/../lib/gcc/arm-none-eabi/5.4.1/armv6-m/crti.o
LOAD d:/nrf51822/gcc-arm/bin/../lib/gcc/arm-none-eabi/5.4.1/armv6-m/crtbegin.o
LOAD d:/nrf51822/gcc-arm/bin/../lib/gcc/arm-none-eabi/5.4.1/../../../../arm-none-eabi/lib/armv6-m/crt0.o
LOAD d:/nrf51822/gcc-arm/bin/../lib/gcc/arm-none-eabi/5.4.1/../../../../arm-none-eabi/lib/armv6-m\libc_nano.a
LOAD d:/nrf51822/gcc-arm/bin/../lib/gcc/arm-none-eabi/5.4.1/../../../../arm-none-eabi/lib/armv6-m\libnosys.a
LOAD _build/app_timer.o
LOAD _build/app_error.o
LOAD _build/nrf_adc.o
LOAD _build/nrf_delay.o
LOAD _build/nrf_drv_common.o
LOAD _build/pstorage.o
LOAD _build/nrf_drv_spi.o
LOAD _build/ble_advdata.o
LOAD _build/ble_conn_params.o
LOAD _build/ble_advertising.o
LOAD _build/system_nrf51.o
LOAD _build/softdevice_handler.o
LOAD _build/main.o
LOAD _build/gcc_startup_nrf51.o
START GROUP
LOAD d:/nrf51822/gcc-arm/bin/../lib/gcc/arm-none-eabi/5.4.1/armv6-m\libgcc.a
LOAD d:/nrf51822/gcc-arm/bin/../lib/gcc/arm-none-eabi/5.4.1/../../../../arm-none-eabi/lib/armv6-m\libc_nano.a
END GROUP
START GROUP
LOAD d:/nrf51822/gcc-arm/bin/../lib/gcc/arm-none-eabi/5.4.1/armv6-m\libgcc.a
LOAD d:/nrf51822/gcc-arm/bin/../lib/gcc/arm-none-eabi/5.4.1/../../../../arm-none-eabi/lib/armv6-m\libc_nano.a
END GROUP
LOAD d:/nrf51822/gcc-arm/bin/../lib/gcc/arm-none-eabi/5.4.1/armv6-m/crtend.o
LOAD d:/nrf51822/gcc-arm/bin/../lib/gcc/arm-none-eabi/5.4.1/armv6-m/crtn.o
START GROUP
LOAD d:/nrf51822/gcc-arm/bin/../lib/gcc/arm-none-eabi/5.4.1/armv6-m\libgcc.a
LOAD d:/nrf51822/gcc-arm/bin/../lib/gcc/arm-none-eabi/5.4.1/../../../../arm-none-eabi/lib/armv6-m\libc.a
LOAD d:/nrf51822/gcc-arm/bin/../lib/gcc/arm-none-eabi/5.4.1/../../../../arm-none-eabi/lib/armv6-m\libnosys.a
END GROUP

.fs_data_out    0x00000000        0x0
                [!provide]                PROVIDE (__start_fs_data, .)
 *(fs_data)
                [!provide]                PROVIDE (__stop_fs_data, .)

.text           0x00018000     0x6578
 *(.Vectors)
 .Vectors       0x00018000       0xc0 _build/gcc_startup_nrf51.o
                0x00018000                __Vectors
 *(.text*)
 .text          0x000180c0       0x60 d:/nrf51822/gcc-arm/bin/../lib/gcc/arm-none-eabi/5.4.1/armv6-m/crtbegin.o
 .text          0x00018120       0x78 d:/nrf51822/gcc-arm/bin/../lib/gcc/arm-none-eabi/5.4.1/../../../../arm-none-eabi/lib/armv6-m/crt0.o
                0x00018120                _start
                0x00018120                _mainCRTStartup
 .text.exit     0x00018198       0x2c d:/nrf51822/gcc-arm/bin/../lib/gcc/arm-none-eabi/5.4.1/../../../../arm-none-eabi/lib/armv6-m\libc_nano.a(lib_a-exit.o)
                0x00018198                exit
 .text.__libc_init_array
                0x000181c4       0x4c d:/nrf51822/gcc-arm/bin/../lib/gcc/arm-none-eabi/5.4.1/../../../../arm-none-eabi/lib/armv6-m\libc_nano.a(lib_a-init.o)
                0x000181c4                __libc_init_array
 .text.memset   0x00018210       0x10 d:/nrf51822/gcc-arm/bin/../lib/gcc/arm-none-eabi/5.4.1/../../../../arm-none-eabi/lib/armv6-m\libc_nano.a(lib_a-memset.o)
                0x00018210                memset
 .text._exit    0x00018220        0x4 d:/nrf51822/gcc-arm/bin/../lib/gcc/arm-none-eabi/5.4.1/../../../../arm-none-eabi/lib/armv6-m\libnosys.a(_exit.o)
                0x00018220                _exit
 .text.is_word_aligned
                0x00018224       0x1c _build/app_timer.o
 .text.NVIC_EnableIRQ
                0x00018240       0x2c _build/app_timer.o
 .text.NVIC_DisableIRQ
                0x0001826c       0x30 _build/app_timer.o
 .text.NVIC_SetPendingIRQ
                0x0001829c       0x34 _build/app_timer.o
 .text.NVIC_ClearPendingIRQ
                0x000182d0       0x34 _build/app_timer.o
 .text.NVIC_SetPriority
                0x00018304       0xdc _build/app_timer.o
 .text.NVIC_GetPriority
                0x000183e0       0x7c _build/app_timer.o
 .text.current_int_priority_get
                0x0001845c       0x3c _build/app_timer.o
 .text.rtc1_init
                0x00018498       0x28 _build/app_timer.o
 .text.rtc1_start
                0x000184c0       0x6c _build/app_timer.o
 .text.rtc1_stop
                0x0001852c       0x98 _build/app_timer.o
 .text.rtc1_counter_get
                0x000185c4       0x18 _build/app_timer.o
 .text.ticks_diff_get
                0x000185dc       0x1c _build/app_timer.o
 .text.rtc1_compare0_set
                0x000185f8       0x20 _build/app_timer.o
 .text.timer_list_insert
                0x00018618       0xb0 _build/app_timer.o
 .text.timer_list_remove
                0x000186c8       0xa4 _build/app_timer.o
 .text.timer_timeouts_check_sched
                0x0001876c       0x10 _build/app_timer.o
 .text.timer_list_handler_sched
                0x0001877c       0x10 _build/app_timer.o
 .text.timeout_handler_exec
                0x0001878c       0x54 _build/app_timer.o
 .text.timer_timeouts_check
                0x000187e0       0xcc _build/app_timer.o
 .text.elapsed_ticks_acquire
                0x000188ac       0x7c _build/app_timer.o
 .text.list_deletions_handler
                0x00018928       0xec _build/app_timer.o
 .text.expired_timers_handler
                0x00018a14       0x98 _build/app_timer.o
 .text.list_insertions_handler
                0x00018aac      0x194 _build/app_timer.o
 .text.compare_reg_update
                0x00018c40       0xe4 _build/app_timer.o
 .text.timer_list_handler
                0x00018d24       0x90 _build/app_timer.o
 .text.user_op_enque
                0x00018db4       0x20 _build/app_timer.o
 .text.user_op_alloc
                0x00018dd4       0x68 _build/app_timer.o
 .text.timer_start_op_schedule
                0x00018e3c       0x84 _build/app_timer.o
 .text.timer_stop_op_schedule
                0x00018ec0       0x64 _build/app_timer.o
 .text.timer_stop_all_op_schedule
                0x00018f24       0x64 _build/app_timer.o
 .text.RTC1_IRQHandler
                0x00018f88       0x50 _build/app_timer.o
                0x00018f88                RTC1_IRQHandler
 .text.SWI0_IRQHandler
                0x00018fd8       0x10 _build/app_timer.o
                0x00018fd8                SWI0_IRQHandler
 .text.app_timer_init
                0x00018fe8      0x108 _build/app_timer.o
                0x00018fe8                app_timer_init
 .text.app_timer_create
                0x000190f0       0x6c _build/app_timer.o
                0x000190f0                app_timer_create
 .text.user_id_get
                0x0001915c       0x34 _build/app_timer.o
 .text.app_timer_start
                0x00019190       0x74 _build/app_timer.o
                0x00019190                app_timer_start
 .text.app_timer_stop
                0x00019204       0x50 _build/app_timer.o
                0x00019204                app_timer_stop
 .text.app_timer_stop_all
                0x00019254       0x28 _build/app_timer.o
                0x00019254                app_timer_stop_all
 .text.NVIC_SystemReset
                0x0001927c       0x1c _build/app_error.o
 .text.app_error_handler
                0x00019298       0x18 _build/app_error.o
                0x00019298                app_error_handler
 .text.nrf_adc_input_select
                0x000192b0       0x58 _build/nrf_adc.o
 .text.nrf_adc_configure
                0x00019308       0x84 _build/nrf_adc.o
                0x00019308                nrf_adc_configure
 .text.nrf_delay_ms
                0x0001938c       0x48 _build/nrf_delay.o
                0x0001938c                nrf_delay_ms
 .text.NVIC_EnableIRQ
                0x000193d4       0x2c _build/nrf_drv_common.o
 .text.NVIC_ClearPendingIRQ
                0x00019400       0x34 _build/nrf_drv_common.o
 .text.NVIC_SetPriority
                0x00019434       0xdc _build/nrf_drv_common.o
 .text.nrf_drv_common_irq_enable
                0x00019510       0x44 _build/nrf_drv_common.o
                0x00019510                nrf_drv_common_irq_enable
 .text.pstorage_access_status_get
                0x00019554       0x3c _build/pstorage.o
                0x00019554                pstorage_access_status_get
 .text.nrf_gpio_cfg
                0x00019590       0x60 _build/nrf_drv_spi.o
 .text.nrf_gpio_cfg_output
                0x000195f0       0x24 _build/nrf_drv_spi.o
 .text.nrf_gpio_cfg_input
                0x00019614       0x30 _build/nrf_drv_spi.o
 .text.nrf_gpio_pin_set
                0x00019644       0x20 _build/nrf_drv_spi.o
 .text.nrf_gpio_pin_clear
                0x00019664       0x24 _build/nrf_drv_spi.o
 .text.nrf_gpio_pin_read
                0x00019688       0x24 _build/nrf_drv_spi.o
 .text.nrf_spi_event_clear
                0x000196ac       0x24 _build/nrf_drv_spi.o
 .text.nrf_spi_event_check
                0x000196d0       0x28 _build/nrf_drv_spi.o
 .text.nrf_spi_int_enable
                0x000196f8       0x1c _build/nrf_drv_spi.o
 .text.nrf_spi_int_disable
                0x00019714       0x1c _build/nrf_drv_spi.o
 .text.nrf_spi_enable
                0x00019730       0x1c _build/nrf_drv_spi.o
 .text.nrf_spi_pins_set
                0x0001974c       0x38 _build/nrf_drv_spi.o
 .text.nrf_spi_txd_set
                0x00019784       0x24 _build/nrf_drv_spi.o
 .text.nrf_spi_rxd_get
                0x000197a8       0x1c _build/nrf_drv_spi.o
 .text.nrf_spi_frequency_set
                0x000197c4       0x20 _build/nrf_drv_spi.o
 .text.nrf_spi_configure
                0x000197e4       0x68 _build/nrf_drv_spi.o
 .text.nrf_drv_spi_init
                0x0001984c      0x194 _build/nrf_drv_spi.o
                0x0001984c                nrf_drv_spi_init
 .text.transfer_byte
                0x000199e0       0xd4 _build/nrf_drv_spi.o
 .text.nrf_drv_spi_transfer
                0x00019ab4      0x178 _build/nrf_drv_spi.o
                0x00019ab4                nrf_drv_spi_transfer
 .text.finish_transfer
                0x00019c2c       0x30 _build/nrf_drv_spi.o
 .text.irq_handler_spi
                0x00019c5c       0x44 _build/nrf_drv_spi.o
 .text.SPI0_TWI0_IRQHandler
                0x00019ca0       0x20 _build/nrf_drv_spi.o
                0x00019ca0                SPI0_TWI0_IRQHandler
 .text.sd_ble_gap_address_get
                0x00019cc0        0x8 _build/ble_advdata.o
 .text.sd_ble_gap_adv_data_set
                0x00019cc8        0x8 _build/ble_advdata.o
 .text.sd_ble_gap_appearance_get
                0x00019cd0        0x8 _build/ble_advdata.o
 .text.sd_ble_gap_device_name_get
                0x00019cd8        0x8 _build/ble_advdata.o
 .text.sd_ble_uuid_encode
                0x00019ce0        0x8 _build/ble_advdata.o
 .text.uint16_encode
                0x00019ce8       0x34 _build/ble_advdata.o
 .text.tk_value_encode
                0x00019d1c       0xb0 _build/ble_advdata.o
 .text.le_role_encode
                0x00019dcc       0xdc _build/ble_advdata.o
 .text.ble_device_addr_encode
                0x00019ea8       0xd0 _build/ble_advdata.o
 .text.name_encode
                0x00019f78      0x164 _build/ble_advdata.o
 .text.appearance_encode
                0x0001a0dc       0xa0 _build/ble_advdata.o
 .text.flags_encode
                0x0001a17c       0x8c _build/ble_advdata.o
 .text.sec_mgr_oob_flags_encode
                0x0001a208       0x8c _build/ble_advdata.o
 .text.tx_power_level_encode
                0x0001a294       0x8c _build/ble_advdata.o
 .text.uuid_list_sized_encode
                0x0001a320      0x194 _build/ble_advdata.o
 .text.uuid_list_encode
                0x0001a4b4       0x80 _build/ble_advdata.o
 .text.conn_int_check
                0x0001a534       0x80 _build/ble_advdata.o
 .text.conn_int_encode
                0x0001a5b4       0xc8 _build/ble_advdata.o
 .text.manuf_specific_data_encode
                0x0001a67c       0xe4 _build/ble_advdata.o
 .text.service_data_encode
                0x0001a760      0x118 _build/ble_advdata.o
 .text.adv_data_encode
                0x0001a878      0x288 _build/ble_advdata.o
                0x0001a878                adv_data_encode
 .text.advdata_check
                0x0001ab00       0x24 _build/ble_advdata.o
 .text.srdata_check
                0x0001ab24       0x20 _build/ble_advdata.o
 .text.ble_advdata_set
                0x0001ab44       0xd8 _build/ble_advdata.o
                0x0001ab44                ble_advdata_set
 .text.sd_ble_gap_conn_param_update
                0x0001ac1c        0x8 _build/ble_conn_params.o
 .text.sd_ble_gap_disconnect
                0x0001ac24        0x8 _build/ble_conn_params.o
 .text.sd_ble_gap_ppcp_set
                0x0001ac2c        0x8 _build/ble_conn_params.o
 .text.sd_ble_gap_ppcp_get
                0x0001ac34        0x8 _build/ble_conn_params.o
 .text.uint16_decode
                0x0001ac3c       0x28 _build/ble_conn_params.o
 .text.ble_srv_is_notification_enabled
                0x0001ac64       0x30 _build/ble_conn_params.o
 .text.is_conn_params_ok
                0x0001ac94       0x34 _build/ble_conn_params.o
 .text.update_timeout_handler
                0x0001acc8       0xc4 _build/ble_conn_params.o
 .text.ble_conn_params_init
                0x0001ad8c       0xa4 _build/ble_conn_params.o
                0x0001ad8c                ble_conn_params_init
 .text.ble_conn_params_stop
                0x0001ae30       0x18 _build/ble_conn_params.o
                0x0001ae30                ble_conn_params_stop
 .text.conn_params_negotiation
                0x0001ae48       0xb8 _build/ble_conn_params.o
 .text.on_connect
                0x0001af00       0x4c _build/ble_conn_params.o
 .text.on_disconnect
                0x0001af4c       0x54 _build/ble_conn_params.o
 .text.on_write
                0x0001afa0       0x6c _build/ble_conn_params.o
 .text.on_conn_params_update
                0x0001b00c       0x2c _build/ble_conn_params.o
 .text.ble_conn_params_on_ble_evt
                0x0001b038       0x54 _build/ble_conn_params.o
                0x0001b038                ble_conn_params_on_ble_evt
 .text.sd_ble_gap_adv_start
                0x0001b08c        0x8 _build/ble_advertising.o
 .text.whitelist_has_entries
                0x0001b094       0x28 _build/ble_advertising.o
 .text.ble_advertising_peer_address_clear
                0x0001b0bc       0x1c _build/ble_advertising.o
 .text.peer_address_exists
                0x0001b0d8       0x34 _build/ble_advertising.o
 .text.ble_advertising_init
                0x0001b10c      0x1fc _build/ble_advertising.o
                0x0001b10c                ble_advertising_init
 .text.ble_advertising_start
                0x0001b308      0x37c _build/ble_advertising.o
                0x0001b308                ble_advertising_start
 .text.ble_advertising_on_ble_evt
                0x0001b684      0x148 _build/ble_advertising.o
                0x0001b684                ble_advertising_on_ble_evt
 .text.SystemInit
                0x0001b7cc       0x40 _build/system_nrf51.o
                0x0001b7cc                SystemInit
 .text.is_manual_peripheral_setup_needed
                0x0001b80c       0x80 _build/system_nrf51.o
 .text.is_disabled_in_debug_needed
                0x0001b88c       0x4c _build/system_nrf51.o
 .text.sd_nvic_EnableIRQ
                0x0001b8d8        0x8 _build/softdevice_handler.o
 .text.sd_evt_get
                0x0001b8e0        0x8 _build/softdevice_handler.o
 .text.sd_softdevice_enable
                0x0001b8e8        0x8 _build/softdevice_handler.o
 .text.is_word_aligned
                0x0001b8f0       0x1c _build/softdevice_handler.o
 .text.sd_ble_evt_get
                0x0001b90c        0x8 _build/softdevice_handler.o
 .text.softdevice_assertion_handler
                0x0001b914       0x2c _build/softdevice_handler.o
                0x0001b914                softdevice_assertion_handler
 .text.intern_softdevice_events_execute
                0x0001b940      0x110 _build/softdevice_handler.o
                0x0001b940                intern_softdevice_events_execute
 .text.softdevice_handler_init
                0x0001ba50       0x8c _build/softdevice_handler.o
                0x0001ba50                softdevice_handler_init
 .text.softdevice_ble_evt_handler_set
                0x0001badc       0x28 _build/softdevice_handler.o
                0x0001badc                softdevice_ble_evt_handler_set
 .text.SWI2_IRQHandler
                0x0001bb04       0x40 _build/softdevice_handler.o
                0x0001bb04                SWI2_IRQHandler
 .text.NVIC_EnableIRQ
                0x0001bb44       0x2c _build/main.o
 .text.NVIC_SetPriority
                0x0001bb70       0xdc _build/main.o
 .text.NVIC_SystemReset
                0x0001bc4c       0x1c _build/main.o
 .text.nrf_gpio_cfg
                0x0001bc68       0x60 _build/main.o
 .text.nrf_gpio_cfg_output
                0x0001bcc8       0x24 _build/main.o
 .text.nrf_gpio_pin_set
                0x0001bcec       0x20 _build/main.o
 .text.nrf_gpio_pin_clear
                0x0001bd0c       0x24 _build/main.o
 .text.nrf_gpio_pin_read
                0x0001bd30       0x24 _build/main.o
 .text.uint16_decode
                0x0001bd54       0x28 _build/main.o
 .text.nrf_adc_input_select
                0x0001bd7c       0x58 _build/main.o
 .text.nrf_adc_result_get
                0x0001bdd4       0x18 _build/main.o
 .text.nrf_adc_int_enable
                0x0001bdec       0x20 _build/main.o
 .text.nrf_adc_start
                0x0001be0c       0x14 _build/main.o
 .text.nrf_adc_stop
                0x0001be20       0x14 _build/main.o
 .text.nrf_adc_conversion_event_clean
                0x0001be34       0x18 _build/main.o
 .text.sd_ble_gap_address_set
                0x0001be4c        0x8 _build/main.o
 .text.sd_ble_gap_address_get
                0x0001be54        0x8 _build/main.o
 .text.sd_ble_gap_adv_stop
                0x0001be5c        0x8 _build/main.o
 .text.sd_ble_gap_disconnect
                0x0001be64        0x8 _build/main.o
 .text.sd_ble_gap_ppcp_set
                0x0001be6c        0x8 _build/main.o
 .text.sd_ble_gap_device_name_set
                0x0001be74        0x8 _build/main.o
 .text.sd_ble_gap_sec_params_reply
                0x0001be7c        0x8 _build/main.o
 .text.sd_ble_gatts_service_add
                0x0001be84        0x8 _build/main.o
 .text.sd_ble_gatts_characteristic_add
                0x0001be8c        0x8 _build/main.o
 .text.sd_ble_gatts_hvx
                0x0001be94        0x8 _build/main.o
 .text.sd_ble_gatts_sys_attr_set
                0x0001be9c        0x8 _build/main.o
 .text.sd_ble_enable
                0x0001bea4        0x8 _build/main.o
 .text.ble_srv_is_notification_enabled
                0x0001beac       0x30 _build/main.o
 .text.bit_reverse_byte
                0x0001bedc       0xf4 _build/main.o
                0x0001bedc                bit_reverse_byte
 .text.bit_reverse_bytes
                0x0001bfd0       0x5c _build/main.o
                0x0001bfd0                bit_reverse_bytes
 .text.dex_num_decoder
                0x0001c02c       0x60 _build/main.o
                0x0001c02c                dex_num_decoder
 .text.reset_offsets
                0x0001c08c       0x40 _build/main.o
                0x0001c08c                reset_offsets
 .text.timeout_timer_handler
                0x0001c0cc       0x1c _build/main.o
 .text.spi_init
                0x0001c0e8       0x78 _build/main.o
 .text.spi_send_recv
                0x0001c160       0x50 _build/main.o
 .text.cc2500_read_reg
                0x0001c1b0       0x54 _build/main.o
                0x0001c1b0                cc2500_read_reg
 .text.cc2500_get_dex_pkt
                0x0001c204      0x11c _build/main.o
                0x0001c204                cc2500_get_dex_pkt
 .text.cc2500_read_status_reg
                0x0001c320       0x58 _build/main.o
                0x0001c320                cc2500_read_status_reg
 .text.cc2500_send_strobe
                0x0001c378       0x44 _build/main.o
                0x0001c378                cc2500_send_strobe
 .text.cc2500_write_reg
                0x0001c3bc       0x54 _build/main.o
                0x0001c3bc                cc2500_write_reg
 .text.cc2500_reset
                0x0001c410       0x10 _build/main.o
                0x0001c410                cc2500_reset
 .text.cc2500_swap_channel
                0x0001c420       0x64 _build/main.o
                0x0001c420                cc2500_swap_channel
 .text.cc2500_init
                0x0001c484      0x110 _build/main.o
                0x0001c484                cc2500_init
 .text.cc2500_reinit
                0x0001c594       0x24 _build/main.o
                0x0001c594                cc2500_reinit
 .text.cc2500_sleep
                0x0001c5b8       0x30 _build/main.o
                0x0001c5b8                cc2500_sleep
 .text.WaitForPacket
                0x0001c5e8      0x264 _build/main.o
                0x0001c5e8                WaitForPacket
 .text.resetWaitTimes
                0x0001c84c       0x44 _build/main.o
                0x0001c84c                resetWaitTimes
 .text.delayFor
                0x0001c890       0x40 _build/main.o
                0x0001c890                delayFor
 .text.get_packet
                0x0001c8d0       0xd4 _build/main.o
                0x0001c8d0                get_packet
 .text.assert_nrf_callback
                0x0001c9a4       0x58 _build/main.o
                0x0001c9a4                assert_nrf_callback
 .text.ADC_IRQHandler
                0x0001c9fc       0x28 _build/main.o
                0x0001c9fc                ADC_IRQHandler
 .text.battery_capacity
                0x0001ca24       0x7c _build/main.o
                0x0001ca24                battery_capacity
 .text.conn_params_error_handler
                0x0001caa0       0x40 _build/main.o
 .text.on_conn_params_evt
                0x0001cae0       0x4c _build/main.o
 .text.conn_params_init
                0x0001cb2c       0x78 _build/main.o
 .text.ble_send_dex_pkt
                0x0001cba4      0x160 _build/main.o
 .text.ble_send_beacon
                0x0001cd04       0xe0 _build/main.o
 .text.on_adv_evt
                0x0001cde4       0x80 _build/main.o
 .text.gap_params_init
                0x0001ce64      0x1a8 _build/main.o
 .text.advertising_data_init
                0x0001d00c       0xc0 _build/main.o
 .text.char_add
                0x0001d0cc      0x1f0 _build/main.o
 .text.service_add
                0x0001d2bc       0x50 _build/main.o
 .text.ble_led_timer_handler
                0x0001d30c       0xc0 _build/main.o
 .text.sleep_timer_handler
                0x0001d3cc       0x1c _build/main.o
 .text.timestamp_timer_handler
                0x0001d3e8       0x20 _build/main.o
 .text.advertising_start
                0x0001d408       0x30 _build/main.o
 .text.timers_init
                0x0001d438      0x120 _build/main.o
 .text.adc_config
                0x0001d558       0x50 _build/main.o
                0x0001d558                adc_config
 .text.sample_battery
                0x0001d5a8      0x164 _build/main.o
                0x0001d5a8                sample_battery
 .text.on_write
                0x0001d70c       0xbc _build/main.o
 .text.on_ble_evt
                0x0001d7c8       0xfc _build/main.o
 .text.ble_evt_dispatch
                0x0001d8c4       0x28 _build/main.o
 .text.ble_stack_init
                0x0001d8ec       0xe8 _build/main.o
 .text.BLE_sleep
                0x0001d9d4       0xa4 _build/main.o
                0x0001d9d4                BLE_sleep
 .text.power_manage
                0x0001da78      0x194 _build/main.o
 .text.main     0x0001dc0c      0x584 _build/main.o
                0x0001dc0c                main
 .text          0x0001e190       0x54 _build/gcc_startup_nrf51.o
                0x0001e190                Reset_Handler
                0x0001e1d8                NMI_Handler
                0x0001e1da                HardFault_Handler
                0x0001e1dc                SVC_Handler
                0x0001e1de                PendSV_Handler
                0x0001e1e0                SysTick_Handler
                0x0001e1e2                GPIOTE_IRQHandler
                0x0001e1e2                POWER_CLOCK_IRQHandler
                0x0001e1e2                RTC0_IRQHandler
                0x0001e1e2                LPCOMP_IRQHandler
                0x0001e1e2                SWI4_IRQHandler
                0x0001e1e2                TEMP_IRQHandler
                0x0001e1e2                QDEC_IRQHandler
                0x0001e1e2                UART0_IRQHandler
                0x0001e1e2                SWI5_IRQHandler
                0x0001e1e2                TIMER0_IRQHandler
                0x0001e1e2                RADIO_IRQHandler
                0x0001e1e2                TIMER1_IRQHandler
                0x0001e1e2                ECB_IRQHandler
                0x0001e1e2                Default_Handler
                0x0001e1e2                SWI3_IRQHandler
                0x0001e1e2                CCM_AAR_IRQHandler
                0x0001e1e2                WDT_IRQHandler
                0x0001e1e2                TIMER2_IRQHandler
                0x0001e1e2                RNG_IRQHandler
                0x0001e1e2                SPI1_TWI1_IRQHandler
                0x0001e1e2                SWI1_IRQHandler
 .text          0x0001e1e4      0x114 d:/nrf51822/gcc-arm/bin/../lib/gcc/arm-none-eabi/5.4.1/armv6-m\libgcc.a(_udivsi3.o)
                0x0001e1e4                __aeabi_uidiv
                0x0001e1e4                __udivsi3
                0x0001e2f0                __aeabi_uidivmod
 .text          0x0001e2f8        0x4 d:/nrf51822/gcc-arm/bin/../lib/gcc/arm-none-eabi/5.4.1/armv6-m\libgcc.a(_dvmd_tls.o)
                0x0001e2f8                __aeabi_idiv0
                0x0001e2f8                __aeabi_ldiv0
 .text          0x0001e2fc       0x40 d:/nrf51822/gcc-arm/bin/../lib/gcc/arm-none-eabi/5.4.1/armv6-m\libgcc.a(_aeabi_uldivmod.o)
                0x0001e2fc                __aeabi_uldivmod
 .text          0x0001e33c      0x180 d:/nrf51822/gcc-arm/bin/../lib/gcc/arm-none-eabi/5.4.1/armv6-m\libgcc.a(_udivmoddi4.o)
                0x0001e33c                __udivmoddi4
 .text          0x0001e4bc       0x18 d:/nrf51822/gcc-arm/bin/../lib/gcc/arm-none-eabi/5.4.1/armv6-m\libgcc.a(_clzdi2.o)
                0x0001e4bc                __clzdi2
 .text          0x0001e4d4       0x3c d:/nrf51822/gcc-arm/bin/../lib/gcc/arm-none-eabi/5.4.1/armv6-m\libgcc.a(_clzsi2.o)
                0x0001e4d4                __clzsi2
 .text.memcpy   0x0001e510       0x12 d:/nrf51822/gcc-arm/bin/../lib/gcc/arm-none-eabi/5.4.1/../../../../arm-none-eabi/lib/armv6-m\libc_nano.a(lib_a-memcpy-stub.o)
                0x0001e510                memcpy
 *(.init)
 *fill*         0x0001e522        0x2 
 .init          0x0001e524        0x4 d:/nrf51822/gcc-arm/bin/../lib/gcc/arm-none-eabi/5.4.1/armv6-m/crti.o
                0x0001e524                _init
 .init          0x0001e528        0x8 d:/nrf51822/gcc-arm/bin/../lib/gcc/arm-none-eabi/5.4.1/armv6-m/crtn.o
 *(.fini)
 .fini          0x0001e530        0x4 d:/nrf51822/gcc-arm/bin/../lib/gcc/arm-none-eabi/5.4.1/armv6-m/crti.o
                0x0001e530                _fini
 .fini          0x0001e534        0x8 d:/nrf51822/gcc-arm/bin/../lib/gcc/arm-none-eabi/5.4.1/armv6-m/crtn.o
 *crtbegin.o(.ctors)
 *crtbegin?.o(.ctors)
 *(EXCLUDE_FILE(*crtend.o *crtend?.o) .ctors)
 *(SORT(.ctors.*))
 *(.ctors)
 *crtbegin.o(.dtors)
 *crtbegin?.o(.dtors)
 *(EXCLUDE_FILE(*crtend.o *crtend?.o) .dtors)
 *(SORT(.dtors.*))
 *(.dtors)
 *(.rodata*)
 .rodata._global_impure_ptr
                0x0001e53c        0x4 d:/nrf51822/gcc-arm/bin/../lib/gcc/arm-none-eabi/5.4.1/../../../../arm-none-eabi/lib/armv6-m\libc_nano.a(lib_a-impure.o)
                0x0001e53c                _global_impure_ptr
 .rodata.m_default_config
                0x0001e540       0x10 _build/nrf_drv_spi.o
 .rodata.m_conn_params_timer_id
                0x0001e550        0x4 _build/ble_conn_params.o
 .rodata.m_spi_master_0
                0x0001e554        0x8 _build/main.o
 .rodata.m_ble_led_timer_id
                0x0001e55c        0x4 _build/main.o
 .rodata.m_sleep_timer_id
                0x0001e560        0x4 _build/main.o
 .rodata.m_timeout_timer_id
                0x0001e564        0x4 _build/main.o
 .rodata.m_timestamp_timer_id
                0x0001e568        0x4 _build/main.o
 .rodata        0x0001e56c        0xc _build/main.o
 *(.eh_frame*)
 .eh_frame      0x0001e578        0x0 d:/nrf51822/gcc-arm/bin/../lib/gcc/arm-none-eabi/5.4.1/armv6-m/crtbegin.o
                0x0001e578                . = ALIGN (0x4)

.glue_7         0x0001e578        0x0
 .glue_7        0x0001e578        0x0 linker stubs

.glue_7t        0x0001e578        0x0
 .glue_7t       0x0001e578        0x0 linker stubs

.vfp11_veneer   0x0001e578        0x0
 .vfp11_veneer  0x0001e578        0x0 linker stubs

.v4_bx          0x0001e578        0x0
 .v4_bx         0x0001e578        0x0 linker stubs

.iplt           0x0001e578        0x0
 .iplt          0x0001e578        0x0 d:/nrf51822/gcc-arm/bin/../lib/gcc/arm-none-eabi/5.4.1/armv6-m/crtbegin.o

.ARM.extab      0x0001e578        0x0
 *(.ARM.extab* .gnu.linkonce.armextab.*)
                0x0001e578                . = ALIGN (0x4)
                0x0001e578                __exidx_start = .

.ARM.exidx      0x0001e578        0x8
 *(.ARM.exidx* .gnu.linkonce.armexidx.*)
 .ARM.exidx     0x0001e578        0x8 d:/nrf51822/gcc-arm/bin/../lib/gcc/arm-none-eabi/5.4.1/../../../../arm-none-eabi/lib/armv6-m/crt0.o
 .ARM.exidx     0x0001e580        0x0 _build/gcc_startup_nrf51.o
                                  0x8 (size before relaxing)
 .ARM.exidx     0x0001e580        0x0 d:/nrf51822/gcc-arm/bin/../lib/gcc/arm-none-eabi/5.4.1/armv6-m\libgcc.a(_udivmoddi4.o)
                                  0x8 (size before relaxing)
                0x0001e580                . = ALIGN (0x4)
                0x0001e580                __exidx_end = .
                0x0001e580                __etext = .

.rel.dyn        0x0001e580        0x0
 .rel.iplt      0x0001e580        0x0 d:/nrf51822/gcc-arm/bin/../lib/gcc/arm-none-eabi/5.4.1/armv6-m/crtbegin.o

.data           0x20002000       0xb4 load address 0x0001e580
                0x20002000                __data_start__ = .
 *(vtable)
 *(.data*)
 .data.impure_data
                0x20002000       0x60 d:/nrf51822/gcc-arm/bin/../lib/gcc/arm-none-eabi/5.4.1/../../../../arm-none-eabi/lib/armv6-m\libc_nano.a(lib_a-impure.o)
 .data.current_slave_link_conn_handle.7286
                0x20002060        0x2 _build/ble_advertising.o
 .data.m_conn_handle
                0x20002062        0x2 _build/main.o
 .data.m_adv_uuids
                0x20002064        0x4 _build/main.o
 .data.needsTimingCalibration
                0x20002068        0x1 _build/main.o
                0x20002068                needsTimingCalibration
 *fill*         0x20002069        0x3 
 .data.nChannels
                0x2000206c        0x4 _build/main.o
 .data.fOffset  0x20002070        0x4 _build/main.o
 .data.defaultfOffset
                0x20002074        0x4 _build/main.o
 .data.waitTimes
                0x20002078       0x10 _build/main.o
                0x20002078                waitTimes
 .data.defaultWaitTimes
                0x20002088       0x10 _build/main.o
                0x20002088                defaultWaitTimes
 .data.delayedWaitTimes
                0x20002098       0x10 _build/main.o
 .data.ms_sleeptime
                0x200020a8        0x4 _build/main.o
                0x200020a8                ms_sleeptime
                0x200020ac                . = ALIGN (0x4)
                0x200020ac                PROVIDE (__preinit_array_start, .)
 *(.preinit_array)
                0x200020ac                PROVIDE (__preinit_array_end, .)
                0x200020ac                . = ALIGN (0x4)
                0x200020ac                PROVIDE (__init_array_start, .)
 *(SORT(.init_array.*))
 *(.init_array)
 .init_array    0x200020ac        0x4 d:/nrf51822/gcc-arm/bin/../lib/gcc/arm-none-eabi/5.4.1/armv6-m/crtbegin.o
                0x200020b0                PROVIDE (__init_array_end, .)
                0x200020b0                . = ALIGN (0x4)
                [!provide]                PROVIDE (__fini_array_start, .)
 *(SORT(.fini_array.*))
 *(.fini_array)
 .fini_array    0x200020b0        0x4 d:/nrf51822/gcc-arm/bin/../lib/gcc/arm-none-eabi/5.4.1/armv6-m/crtbegin.o
                [!provide]                PROVIDE (__fini_array_end, .)
 *(.jcr)
 .jcr           0x200020b4        0x0 d:/nrf51822/gcc-arm/bin/../lib/gcc/arm-none-eabi/5.4.1/armv6-m/crtbegin.o
                0x200020b4                . = ALIGN (0x4)
                0x200020b4                __data_end__ = .

.igot.plt       0x200020b4        0x0 load address 0x0001e634
 .igot.plt      0x200020b4        0x0 d:/nrf51822/gcc-arm/bin/../lib/gcc/arm-none-eabi/5.4.1/armv6-m/crtbegin.o

.bss            0x200020b4      0x5fc load address 0x0001e634
                0x200020b4                . = ALIGN (0x4)
                0x200020b4                __bss_start__ = .
 *(.bss*)
 .bss           0x200020b4       0x1c d:/nrf51822/gcc-arm/bin/../lib/gcc/arm-none-eabi/5.4.1/armv6-m/crtbegin.o
 .bss.m_user_array_size
                0x200020d0        0x1 _build/app_timer.o
 *fill*         0x200020d1        0x3 
 .bss.mp_users  0x200020d4        0x4 _build/app_timer.o
 .bss.mp_timer_id_head
                0x200020d8        0x4 _build/app_timer.o
 .bss.m_ticks_latest
                0x200020dc        0x4 _build/app_timer.o
 .bss.m_ticks_elapsed
                0x200020e0        0x8 _build/app_timer.o
 .bss.m_ticks_elapsed_q_read_ind
                0x200020e8        0x1 _build/app_timer.o
 .bss.m_ticks_elapsed_q_write_ind
                0x200020e9        0x1 _build/app_timer.o
 *fill*         0x200020ea        0x2 
 .bss.m_evt_schedule_func
                0x200020ec        0x4 _build/app_timer.o
 .bss.m_rtc1_running
                0x200020f0        0x1 _build/app_timer.o
 .bss.m_rtc1_reset
                0x200020f1        0x1 _build/app_timer.o
 *fill*         0x200020f2        0x2 
 .bss.m_cmd_queue
                0x200020f4       0xcc _build/pstorage.o
 .bss.m_flags   0x200021c0        0x4 _build/pstorage.o
 .bss.m_cb      0x200021c4       0x18 _build/nrf_drv_spi.o
 .bss.m_conn_params_config
                0x200021dc       0x1c _build/ble_conn_params.o
 .bss.m_preferred_conn_params
                0x200021f8        0x8 _build/ble_conn_params.o
 .bss.m_update_count
                0x20002200        0x1 _build/ble_conn_params.o
 *fill*         0x20002201        0x1 
 .bss.m_conn_handle
                0x20002202        0x2 _build/ble_conn_params.o
 .bss.m_current_conn_params
                0x20002204        0x8 _build/ble_conn_params.o
 .bss.m_conn_params_timer_id_data
                0x2000220c       0x20 _build/ble_conn_params.o
 .bss.m_change_param
                0x2000222c        0x1 _build/ble_conn_params.o
 .bss.m_advertising_start_pending
                0x2000222d        0x1 _build/ble_advertising.o
 *fill*         0x2000222e        0x2 
 .bss.m_peer_address
                0x20002230        0x7 _build/ble_advertising.o
 *fill*         0x20002237        0x1 
 .bss.m_advdata
                0x20002238       0x38 _build/ble_advertising.o
 .bss.m_adv_evt
                0x20002270        0x1 _build/ble_advertising.o
 *fill*         0x20002271        0x3 
 .bss.m_evt_handler
                0x20002274        0x4 _build/ble_advertising.o
 .bss.m_error_handler
                0x20002278        0x4 _build/ble_advertising.o
 .bss.m_adv_mode_current
                0x2000227c        0x1 _build/ble_advertising.o
 *fill*         0x2000227d        0x3 
 .bss.m_adv_modes_config
                0x20002280       0x24 _build/ble_advertising.o
 .bss.m_whitelist
                0x200022a4       0x10 _build/ble_advertising.o
 .bss.mp_whitelist_addr
                0x200022b4       0x20 _build/ble_advertising.o
 .bss.mp_whitelist_irk
                0x200022d4       0x20 _build/ble_advertising.o
 .bss.m_whitelist_temporarily_disabled
                0x200022f4        0x1 _build/ble_advertising.o
 .bss.m_whitelist_reply_expected
                0x200022f5        0x1 _build/ble_advertising.o
 .bss.m_peer_addr_reply_expected
                0x200022f6        0x1 _build/ble_advertising.o
 *fill*         0x200022f7        0x1 
 .bss.m_manuf_specific_data
                0x200022f8        0xc _build/ble_advertising.o
 .bss.m_manuf_data_array
                0x20002304       0x1f _build/ble_advertising.o
 *fill*         0x20002323        0x1 
 .bss.m_service_data
                0x20002324        0xc _build/ble_advertising.o
 .bss.m_service_data_array
                0x20002330       0x1f _build/ble_advertising.o
 *fill*         0x2000234f        0x1 
 .bss.m_slave_conn_int
                0x20002350        0x4 _build/ble_advertising.o
 .bss.m_tx_power_level
                0x20002354        0x1 _build/ble_advertising.o
 *fill*         0x20002355        0x3 
 .bss.m_evt_schedule_func
                0x20002358        0x4 _build/softdevice_handler.o
 .bss.m_softdevice_enabled
                0x2000235c        0x1 _build/softdevice_handler.o
 *fill*         0x2000235d        0x3 
 .bss.mp_ble_evt_buffer
                0x20002360        0x4 _build/softdevice_handler.o
 .bss.m_ble_evt_buffer_size
                0x20002364        0x2 _build/softdevice_handler.o
 *fill*         0x20002366        0x2 
 .bss.m_ble_evt_handler
                0x20002368        0x4 _build/softdevice_handler.o
 .bss.m_sys_evt_handler
                0x2000236c        0x4 _build/softdevice_handler.o
 .bss.m_char_handles
                0x20002370        0x8 _build/main.o
 .bss.m_service_handle
                0x20002378        0x2 _build/main.o
 .bss.m_is_notifying_enabled
                0x2000237a        0x1 _build/main.o
 .bss.adc_conv_ongoing
                0x2000237b        0x1 _build/main.o
                0x2000237b                adc_conv_ongoing
 .bss.m_tx_data_spi
                0x2000237c       0x18 _build/main.o
 .bss.m_rx_data_spi
                0x20002394       0x18 _build/main.o
 .bss.is_ble_advertising
                0x200023ac        0x1 _build/main.o
                0x200023ac                is_ble_advertising
 .bss.is_ble_connected
                0x200023ad        0x1 _build/main.o
                0x200023ad                is_ble_connected
 .bss.wake_up_flag
                0x200023ae        0x1 _build/main.o
                0x200023ae                wake_up_flag
 .bss.timeout   0x200023af        0x1 _build/main.o
                0x200023af                timeout
 .bss.ble_received_tx_id
                0x200023b0        0x1 _build/main.o
                0x200023b0                ble_received_tx_id
 .bss.batt_critical
                0x200023b1        0x1 _build/main.o
                0x200023b1                batt_critical
 .bss.sequential_missed_packets
                0x200023b2        0x1 _build/main.o
                0x200023b2                sequential_missed_packets
 .bss.last_channel
                0x200023b3        0x1 _build/main.o
                0x200023b3                last_channel
 .bss.got_packet
                0x200023b4        0x1 _build/main.o
                0x200023b4                got_packet
 .bss.nbr_received_pkts
                0x200023b5        0x1 _build/main.o
                0x200023b5                nbr_received_pkts
 *fill*         0x200023b6        0x2 
 .bss.ms_timestamp
                0x200023b8        0x4 _build/main.o
                0x200023b8                ms_timestamp
 .bss.debug_timestamp
                0x200023bc       0x3c _build/main.o
                0x200023bc                debug_timestamp
 .bss.m_ble_led_timer_id_data
                0x200023f8       0x20 _build/main.o
 .bss.m_sleep_timer_id_data
                0x20002418       0x20 _build/main.o
 .bss.m_timeout_timer_id_data
                0x20002438       0x20 _build/main.o
 .bss.m_timestamp_timer_id_data
                0x20002458       0x20 _build/main.o
 .bss.m_char_value
                0x20002478       0x1c _build/main.o
 .bss.APP_TIMER_BUF.8774
                0x20002494      0x1c8 _build/main.o
 .bss.BLE_EVT_BUFFER.8827
                0x2000265c       0x48 _build/main.o
 *(COMMON)
 COMMON         0x200026a4        0xc _build/main.o
                0x200026a4                adc_batt_level
                0x200026a8                dex_tx_id
                0x200026ac                adc_filtered_batt_level
                0x200026b0                . = ALIGN (0x4)
                0x200026b0                __bss_end__ = .

.heap           0x200026b0      0x800
                0x200026b0                __end__ = .
                0x200026b0                end = __end__
 *(.heap*)
 .heap          0x200026b0      0x800 _build/gcc_startup_nrf51.o
                0x200026b0                __HeapBase
                0x20002eb0                __HeapLimit = .

.stack_dummy    0x200026b0      0x800
 *(.stack*)
 .stack         0x200026b0      0x800 _build/gcc_startup_nrf51.o
                0x20008000                __StackTop = (ORIGIN (RAM) + LENGTH (RAM))
                0x20007800                __StackLimit = (__StackTop - SIZEOF (.stack_dummy))
                0x20008000                PROVIDE (__stack, __StackTop)
                0x00000001                ASSERT ((__StackLimit >= __HeapLimit), region RAM overflowed with stack)
OUTPUT(_build/nRFdrip_P1A_51SDK10_v100a.out elf32-littlearm)

.ARM.attributes
                0x00000000       0x28
 .ARM.attributes
                0x00000000       0x1e d:/nrf51822/gcc-arm/bin/../lib/gcc/arm-none-eabi/5.4.1/armv6-m/crti.o
 .ARM.attributes
                0x0000001e       0x2c d:/nrf51822/gcc-arm/bin/../lib/gcc/arm-none-eabi/5.4.1/armv6-m/crtbegin.o
 .ARM.attributes
                0x0000004a       0x1b d:/nrf51822/gcc-arm/bin/../lib/gcc/arm-none-eabi/5.4.1/../../../../arm-none-eabi/lib/armv6-m/crt0.o
 .ARM.attributes
                0x00000065       0x2c d:/nrf51822/gcc-arm/bin/../lib/gcc/arm-none-eabi/5.4.1/../../../../arm-none-eabi/lib/armv6-m\libc_nano.a(lib_a-exit.o)
 .ARM.attributes
                0x00000091       0x2c d:/nrf51822/gcc-arm/bin/../lib/gcc/arm-none-eabi/5.4.1/../../../../arm-none-eabi/lib/armv6-m\libc_nano.a(lib_a-impure.o)
 .ARM.attributes
                0x000000bd       0x2c d:/nrf51822/gcc-arm/bin/../lib/gcc/arm-none-eabi/5.4.1/../../../../arm-none-eabi/lib/armv6-m\libc_nano.a(lib_a-init.o)
 .ARM.attributes
                0x000000e9       0x2c d:/nrf51822/gcc-arm/bin/../lib/gcc/arm-none-eabi/5.4.1/../../../../arm-none-eabi/lib/armv6-m\libc_nano.a(lib_a-memset.o)
 .ARM.attributes
                0x00000115       0x2c d:/nrf51822/gcc-arm/bin/../lib/gcc/arm-none-eabi/5.4.1/../../../../arm-none-eabi/lib/armv6-m\libnosys.a(_exit.o)
 .ARM.attributes
                0x00000141       0x31 _build/app_timer.o
 .ARM.attributes
                0x00000172       0x31 _build/app_error.o
 .ARM.attributes
                0x000001a3       0x31 _build/nrf_adc.o
 .ARM.attributes
                0x000001d4       0x31 _build/nrf_delay.o
 .ARM.attributes
                0x00000205       0x31 _build/nrf_drv_common.o
 .ARM.attributes
                0x00000236       0x31 _build/pstorage.o
 .ARM.attributes
                0x00000267       0x31 _build/nrf_drv_spi.o
 .ARM.attributes
                0x00000298       0x31 _build/ble_advdata.o
 .ARM.attributes
                0x000002c9       0x31 _build/ble_conn_params.o
 .ARM.attributes
                0x000002fa       0x31 _build/ble_advertising.o
 .ARM.attributes
                0x0000032b       0x31 _build/system_nrf51.o
 .ARM.attributes
                0x0000035c       0x31 _build/softdevice_handler.o
 .ARM.attributes
                0x0000038d       0x31 _build/main.o
 .ARM.attributes
                0x000003be       0x1b _build/gcc_startup_nrf51.o
 .ARM.attributes
                0x000003d9       0x1e d:/nrf51822/gcc-arm/bin/../lib/gcc/arm-none-eabi/5.4.1/armv6-m\libgcc.a(_udivsi3.o)
 .ARM.attributes
                0x000003f7       0x1e d:/nrf51822/gcc-arm/bin/../lib/gcc/arm-none-eabi/5.4.1/armv6-m\libgcc.a(_dvmd_tls.o)
 .ARM.attributes
                0x00000415       0x1e d:/nrf51822/gcc-arm/bin/../lib/gcc/arm-none-eabi/5.4.1/armv6-m\libgcc.a(_aeabi_uldivmod.o)
 .ARM.attributes
                0x00000433       0x2c d:/nrf51822/gcc-arm/bin/../lib/gcc/arm-none-eabi/5.4.1/armv6-m\libgcc.a(_udivmoddi4.o)
 .ARM.attributes
                0x0000045f       0x1e d:/nrf51822/gcc-arm/bin/../lib/gcc/arm-none-eabi/5.4.1/armv6-m\libgcc.a(_clzdi2.o)
 .ARM.attributes
                0x0000047d       0x1e d:/nrf51822/gcc-arm/bin/../lib/gcc/arm-none-eabi/5.4.1/armv6-m\libgcc.a(_clzsi2.o)
 .ARM.attributes
                0x0000049b       0x2c d:/nrf51822/gcc-arm/bin/../lib/gcc/arm-none-eabi/5.4.1/../../../../arm-none-eabi/lib/armv6-m\libc_nano.a(lib_a-memcpy-stub.o)
 .ARM.attributes
                0x000004c7       0x1e d:/nrf51822/gcc-arm/bin/../lib/gcc/arm-none-eabi/5.4.1/armv6-m/crtn.o

.comment        0x00000000       0x6e
 .comment       0x00000000       0x6e _build/app_timer.o
                                 0x6f (size before relaxing)
 .comment       0x0000006e       0x6f _build/app_error.o
 .comment       0x0000006e       0x6f _build/nrf_adc.o
 .comment       0x0000006e       0x6f _build/nrf_delay.o
 .comment       0x0000006e       0x6f _build/nrf_drv_common.o
 .comment       0x0000006e       0x6f _build/pstorage.o
 .comment       0x0000006e       0x6f _build/nrf_drv_spi.o
 .comment       0x0000006e       0x6f _build/ble_advdata.o
 .comment       0x0000006e       0x6f _build/ble_conn_params.o
 .comment       0x0000006e       0x6f _build/ble_advertising.o
 .comment       0x0000006e       0x6f _build/system_nrf51.o
 .comment       0x0000006e       0x6f _build/softdevice_handler.o
 .comment       0x0000006e       0x6f _build/main.o

.debug_frame    0x00000000     0x4bbc
 .debug_frame   0x00000000       0x28 d:/nrf51822/gcc-arm/bin/../lib/gcc/arm-none-eabi/5.4.1/../../../../arm-none-eabi/lib/armv6-m\libc_nano.a(lib_a-exit.o)
 .debug_frame   0x00000028       0x2c d:/nrf51822/gcc-arm/bin/../lib/gcc/arm-none-eabi/5.4.1/../../../../arm-none-eabi/lib/armv6-m\libc_nano.a(lib_a-init.o)
 .debug_frame   0x00000054       0x20 d:/nrf51822/gcc-arm/bin/../lib/gcc/arm-none-eabi/5.4.1/../../../../arm-none-eabi/lib/armv6-m\libc_nano.a(lib_a-memset.o)
 .debug_frame   0x00000074       0x20 d:/nrf51822/gcc-arm/bin/../lib/gcc/arm-none-eabi/5.4.1/../../../../arm-none-eabi/lib/armv6-m\libnosys.a(_exit.o)
 .debug_frame   0x00000094      0x84c _build/app_timer.o
 .debug_frame   0x000008e0       0x4c _build/app_error.o
 .debug_frame   0x0000092c       0xfc _build/nrf_adc.o
 .debug_frame   0x00000a28       0x30 _build/nrf_delay.o
 .debug_frame   0x00000a58      0x3c4 _build/nrf_drv_common.o
 .debug_frame   0x00000e1c      0xa44 _build/pstorage.o
 .debug_frame   0x00001860      0x67c _build/nrf_drv_spi.o
 .debug_frame   0x00001edc      0x630 _build/ble_advdata.o
 .debug_frame   0x0000250c      0x56c _build/ble_conn_params.o
 .debug_frame   0x00002a78      0x83c _build/ble_advertising.o
 .debug_frame   0x000032b4       0x80 _build/system_nrf51.o
 .debug_frame   0x00003334      0x85c _build/softdevice_handler.o
 .debug_frame   0x00003b90      0xfa8 _build/main.o
 .debug_frame   0x00004b38       0x20 d:/nrf51822/gcc-arm/bin/../lib/gcc/arm-none-eabi/5.4.1/armv6-m\libgcc.a(_udivsi3.o)
 .debug_frame   0x00004b58       0x3c d:/nrf51822/gcc-arm/bin/../lib/gcc/arm-none-eabi/5.4.1/armv6-m\libgcc.a(_udivmoddi4.o)
 .debug_frame   0x00004b94       0x28 d:/nrf51822/gcc-arm/bin/../lib/gcc/arm-none-eabi/5.4.1/../../../../arm-none-eabi/lib/armv6-m\libc_nano.a(lib_a-memcpy-stub.o)

.debug_info     0x00000000    0x1a9c5
 .debug_info    0x00000000     0x1ffc _build/app_timer.o
 .debug_info    0x00001ffc      0x1d4 _build/app_error.o
 .debug_info    0x000021d0      0x429 _build/nrf_adc.o
 .debug_info    0x000025f9      0x105 _build/nrf_delay.o
 .debug_info    0x000026fe      0xffe _build/nrf_drv_common.o
 .debug_info    0x000036fc     0x1e85 _build/pstorage.o
 .debug_info    0x00005581     0x1c48 _build/nrf_drv_spi.o
 .debug_info    0x000071c9     0x27f3 _build/ble_advdata.o
 .debug_info    0x000099bc     0x300b _build/ble_conn_params.o
 .debug_info    0x0000c9c7     0x404d _build/ble_advertising.o
 .debug_info    0x00010a14      0x1b2 _build/system_nrf51.o
 .debug_info    0x00010bc6     0x3b65 _build/softdevice_handler.o
 .debug_info    0x0001472b     0x629a _build/main.o

.debug_abbrev   0x00000000     0x20c6
 .debug_abbrev  0x00000000      0x3de _build/app_timer.o
 .debug_abbrev  0x000003de       0xf8 _build/app_error.o
 .debug_abbrev  0x000004d6      0x1b4 _build/nrf_adc.o
 .debug_abbrev  0x0000068a       0xbd _build/nrf_delay.o
 .debug_abbrev  0x00000747      0x1a7 _build/nrf_drv_common.o
 .debug_abbrev  0x000008ee      0x2d5 _build/pstorage.o
 .debug_abbrev  0x00000bc3      0x316 _build/nrf_drv_spi.o
 .debug_abbrev  0x00000ed9      0x290 _build/ble_advdata.o
 .debug_abbrev  0x00001169      0x329 _build/ble_conn_params.o
 .debug_abbrev  0x00001492      0x30f _build/ble_advertising.o
 .debug_abbrev  0x000017a1       0xf2 _build/system_nrf51.o
 .debug_abbrev  0x00001893      0x333 _build/softdevice_handler.o
 .debug_abbrev  0x00001bc6      0x500 _build/main.o

.debug_aranges  0x00000000     0x1e38
 .debug_aranges
                0x00000000      0x2f8 _build/app_timer.o
 .debug_aranges
                0x000002f8       0x28 _build/app_error.o
 .debug_aranges
                0x00000320       0x58 _build/nrf_adc.o
 .debug_aranges
                0x00000378       0x20 _build/nrf_delay.o
 .debug_aranges
                0x00000398      0x1d0 _build/nrf_drv_common.o
 .debug_aranges
                0x00000568      0x380 _build/pstorage.o
 .debug_aranges
                0x000008e8      0x280 _build/nrf_drv_spi.o
 .debug_aranges
                0x00000b68      0x290 _build/ble_advdata.o
 .debug_aranges
                0x00000df8      0x260 _build/ble_conn_params.o
 .debug_aranges
                0x00001058      0x3e0 _build/ble_advertising.o
 .debug_aranges
                0x00001438       0x38 _build/system_nrf51.o
 .debug_aranges
                0x00001470      0x3f8 _build/softdevice_handler.o
 .debug_aranges
                0x00001868      0x5d0 _build/main.o

.debug_ranges   0x00000000     0x1dc8
 .debug_ranges  0x00000000      0x2e8 _build/app_timer.o
 .debug_ranges  0x000002e8       0x18 _build/app_error.o
 .debug_ranges  0x00000300       0x48 _build/nrf_adc.o
 .debug_ranges  0x00000348       0x10 _build/nrf_delay.o
 .debug_ranges  0x00000358      0x1c0 _build/nrf_drv_common.o
 .debug_ranges  0x00000518      0x388 _build/pstorage.o
 .debug_ranges  0x000008a0      0x270 _build/nrf_drv_spi.o
 .debug_ranges  0x00000b10      0x280 _build/ble_advdata.o
 .debug_ranges  0x00000d90      0x250 _build/ble_conn_params.o
 .debug_ranges  0x00000fe0      0x400 _build/ble_advertising.o
 .debug_ranges  0x000013e0       0x28 _build/system_nrf51.o
 .debug_ranges  0x00001408      0x400 _build/softdevice_handler.o
 .debug_ranges  0x00001808      0x5c0 _build/main.o

.debug_macro    0x00000000     0xda88
 .debug_macro   0x00000000      0x307 _build/app_timer.o
 .debug_macro   0x00000307      0x83e _build/app_timer.o
 .debug_macro   0x00000b45       0x22 _build/app_timer.o
 .debug_macro   0x00000b67       0x87 _build/app_timer.o
 .debug_macro   0x00000bee       0x44 _build/app_timer.o
 .debug_macro   0x00000c32       0xfd _build/app_timer.o
 .debug_macro   0x00000d2f       0x5e _build/app_timer.o
 .debug_macro   0x00000d8d      0x1df _build/app_timer.o
 .debug_macro   0x00000f6c       0x22 _build/app_timer.o
 .debug_macro   0x00000f8e       0x52 _build/app_timer.o
 .debug_macro   0x00000fe0       0x35 _build/app_timer.o
 .debug_macro   0x00001015       0x9c _build/app_timer.o
 .debug_macro   0x000010b1       0x16 _build/app_timer.o
 .debug_macro   0x000010c7       0x97 _build/app_timer.o
 .debug_macro   0x0000115e      0x330 _build/app_timer.o
 .debug_macro   0x0000148e       0xf6 _build/app_timer.o
 .debug_macro   0x00001584       0x10 _build/app_timer.o
 .debug_macro   0x00001594       0x52 _build/app_timer.o
 .debug_macro   0x000015e6       0x1f _build/app_timer.o
 .debug_macro   0x00001605       0x43 _build/app_timer.o
 .debug_macro   0x00001648       0x20 _build/app_timer.o
 .debug_macro   0x00001668      0x187 _build/app_timer.o
 .debug_macro   0x000017ef       0x10 _build/app_timer.o
 .debug_macro   0x000017ff       0x1c _build/app_timer.o
 .debug_macro   0x0000181b       0x52 _build/app_timer.o
 .debug_macro   0x0000186d       0x40 _build/app_timer.o
 .debug_macro   0x000018ad       0x10 _build/app_timer.o
 .debug_macro   0x000018bd       0x40 _build/app_timer.o
 .debug_macro   0x000018fd       0xd7 _build/app_timer.o
 .debug_macro   0x000019d4       0x16 _build/app_timer.o
 .debug_macro   0x000019ea      0x18b _build/app_timer.o
 .debug_macro   0x00001b75       0x8e _build/app_timer.o
 .debug_macro   0x00001c03       0x16 _build/app_timer.o
 .debug_macro   0x00001c19       0x28 _build/app_timer.o
 .debug_macro   0x00001c41       0x37 _build/app_timer.o
 .debug_macro   0x00001c78       0x41 _build/app_timer.o
 .debug_macro   0x00001cb9       0x16 _build/app_timer.o
 .debug_macro   0x00001ccf       0x35 _build/app_timer.o
 .debug_macro   0x00001d04       0x16 _build/app_timer.o
 .debug_macro   0x00001d1a       0x29 _build/app_timer.o
 .debug_macro   0x00001d43       0x22 _build/app_timer.o
 .debug_macro   0x00001d65       0x3a _build/app_timer.o
 .debug_macro   0x00001d9f       0x1f _build/app_timer.o
 .debug_macro   0x00001dbe      0x242 _build/app_timer.o
 .debug_macro   0x00002000      0x1d2 _build/app_timer.o
 .debug_macro   0x000021d2     0x745a _build/app_timer.o
 .debug_macro   0x0000962c      0x976 _build/app_timer.o
 .debug_macro   0x00009fa2       0x10 _build/app_timer.o
 .debug_macro   0x00009fb2       0x40 _build/app_timer.o
 .debug_macro   0x00009ff2       0x64 _build/app_timer.o
 .debug_macro   0x0000a056       0x22 _build/app_timer.o
 .debug_macro   0x0000a078       0xf2 _build/app_error.o
 .debug_macro   0x0000a16a       0x1c _build/app_error.o
 .debug_macro   0x0000a186      0x118 _build/app_error.o
 .debug_macro   0x0000a29e       0xe6 _build/nrf_adc.o
 .debug_macro   0x0000a384      0x16d _build/nrf_adc.o
 .debug_macro   0x0000a4f1      0x20f _build/nrf_delay.o
 .debug_macro   0x0000a700       0x4c _build/nrf_delay.o
 .debug_macro   0x0000a74c       0x8d _build/nrf_delay.o
 .debug_macro   0x0000a7d9       0x4a _build/nrf_delay.o
 .debug_macro   0x0000a823      0x125 _build/nrf_drv_common.o
 .debug_macro   0x0000a948      0x29b _build/pstorage.o
 .debug_macro   0x0000abe3       0x46 _build/pstorage.o
 .debug_macro   0x0000ac29       0x1c _build/pstorage.o
 .debug_macro   0x0000ac45      0x10e _build/pstorage.o
 .debug_macro   0x0000ad53       0x86 _build/pstorage.o
 .debug_macro   0x0000add9       0x16 _build/pstorage.o
 .debug_macro   0x0000adef       0x3d _build/pstorage.o
 .debug_macro   0x0000ae2c       0x1c _build/pstorage.o
 .debug_macro   0x0000ae48      0x1e3 _build/nrf_drv_spi.o
 .debug_macro   0x0000b02b       0xc4 _build/nrf_drv_spi.o
 .debug_macro   0x0000b0ef      0x112 _build/nrf_drv_spi.o
 .debug_macro   0x0000b201       0x70 _build/nrf_drv_spi.o
 .debug_macro   0x0000b271       0x35 _build/nrf_drv_spi.o
 .debug_macro   0x0000b2a6       0x10 _build/nrf_drv_spi.o
 .debug_macro   0x0000b2b6      0x1fa _build/ble_advdata.o
 .debug_macro   0x0000b4b0       0x10 _build/ble_advdata.o
 .debug_macro   0x0000b4c0       0xd6 _build/ble_advdata.o
 .debug_macro   0x0000b596      0x1f7 _build/ble_advdata.o
 .debug_macro   0x0000b78d      0x375 _build/ble_advdata.o
 .debug_macro   0x0000bb02       0x3a _build/ble_advdata.o
 .debug_macro   0x0000bb3c       0x22 _build/ble_advdata.o
 .debug_macro   0x0000bb5e      0x1f0 _build/ble_advdata.o
 .debug_macro   0x0000bd4e       0x16 _build/ble_advdata.o
 .debug_macro   0x0000bd64       0xd9 _build/ble_advdata.o
 .debug_macro   0x0000be3d       0x1c _build/ble_advdata.o
 .debug_macro   0x0000be59       0xb8 _build/ble_advdata.o
 .debug_macro   0x0000bf11      0x274 _build/ble_advdata.o
 .debug_macro   0x0000c185      0x2c9 _build/ble_conn_params.o
 .debug_macro   0x0000c44e       0xa6 _build/ble_conn_params.o
 .debug_macro   0x0000c4f4       0x1c _build/ble_conn_params.o
 .debug_macro   0x0000c510      0x332 _build/ble_advertising.o
 .debug_macro   0x0000c842       0x40 _build/ble_advertising.o
 .debug_macro   0x0000c882       0x46 _build/ble_advertising.o
 .debug_macro   0x0000c8c8       0x16 _build/ble_advertising.o
 .debug_macro   0x0000c8de       0x4c _build/ble_advertising.o
 .debug_macro   0x0000c92a       0xd6 _build/system_nrf51.o
 .debug_macro   0x0000ca00      0x2a0 _build/softdevice_handler.o
 .debug_macro   0x0000cca0       0x1c _build/softdevice_handler.o
 .debug_macro   0x0000ccbc       0x34 _build/softdevice_handler.o
 .debug_macro   0x0000ccf0      0x37b _build/softdevice_handler.o
 .debug_macro   0x0000d06b       0x40 _build/softdevice_handler.o
 .debug_macro   0x0000d0ab       0x10 _build/softdevice_handler.o
 .debug_macro   0x0000d0bb       0x10 _build/softdevice_handler.o
 .debug_macro   0x0000d0cb       0x16 _build/softdevice_handler.o
 .debug_macro   0x0000d0e1       0x10 _build/softdevice_handler.o
 .debug_macro   0x0000d0f1      0x527 _build/main.o
 .debug_macro   0x0000d618       0x76 _build/main.o
 .debug_macro   0x0000d68e      0x1ea _build/main.o
 .debug_macro   0x0000d878      0x1ea _build/main.o
 .debug_macro   0x0000da62       0x10 _build/main.o
 .debug_macro   0x0000da72       0x16 _build/main.o

.debug_line     0x00000000     0x9198
 .debug_line    0x00000000      0xdfe _build/app_timer.o
 .debug_line    0x00000dfe      0x367 _build/app_error.o
 .debug_line    0x00001165      0x37e _build/nrf_adc.o
 .debug_line    0x000014e3      0x3e6 _build/nrf_delay.o
 .debug_line    0x000018c9      0x7ad _build/nrf_drv_common.o
 .debug_line    0x00002076     0x10a6 _build/pstorage.o
 .debug_line    0x0000311c      0xbd7 _build/nrf_drv_spi.o
 .debug_line    0x00003cf3      0xb1f _build/ble_advdata.o
 .debug_line    0x00004812      0xa81 _build/ble_conn_params.o
 .debug_line    0x00005293     0x10f4 _build/ble_advertising.o
 .debug_line    0x00006387      0x30b _build/system_nrf51.o
 .debug_line    0x00006692      0xe69 _build/softdevice_handler.o
 .debug_line    0x000074fb     0x1c9d _build/main.o

.debug_str      0x00000000    0x4325d
 .debug_str     0x00000000    0x354fb _build/app_timer.o
                              0x3585a (size before relaxing)
 .debug_str     0x000354fb      0x42e _build/app_error.o
                              0x2f7d3 (size before relaxing)
 .debug_str     0x00035929      0x4ac _build/nrf_adc.o
                              0x2f61d (size before relaxing)
 .debug_str     0x00035dd5       0x5b _build/nrf_delay.o
                              0x329f8 (size before relaxing)
 .debug_str     0x00035e30       0xb6 _build/nrf_drv_common.o
                              0x30808 (size before relaxing)
 .debug_str     0x00035ee6     0x1431 _build/pstorage.o
                              0x34e9b (size before relaxing)
 .debug_str     0x00037317     0x1be2 _build/nrf_drv_spi.o
                              0x32f2d (size before relaxing)
 .debug_str     0x00038ef9     0x6a0a _build/ble_advdata.o
                               0xd457 (size before relaxing)
 .debug_str     0x0003f903     0x1194 _build/ble_conn_params.o
                               0xf20b (size before relaxing)
 .debug_str     0x00040a97      0x776 _build/ble_advertising.o
                              0x3b620 (size before relaxing)
 .debug_str     0x0004120d      0x114 _build/system_nrf51.o
                              0x2ef18 (size before relaxing)
 .debug_str     0x00041321      0x85b _build/softdevice_handler.o
                              0x39a1c (size before relaxing)
 .debug_str     0x00041b7c     0x16e1 _build/main.o
                              0x409ae (size before relaxing)
